Component: ARM Compiler 5.06 update 7 (build 960) Tool: armlink [4d3601]

==============================================================================

Section Cross References

    action_handler.o(i.TIM3_IRQHandler) refers to hal_timer.o(i.hal_timer_irq_status) for hal_timer_irq_status
    action_handler.o(i.TIM3_IRQHandler) refers to hal_timer.o(i.hal_timer_irq_clear) for hal_timer_irq_clear
    action_handler.o(i.TIM3_IRQHandler) refers to aeabi_sdiv.o(.text) for __aeabi_uidivmod
    action_handler.o(i.TIM3_IRQHandler) refers to action_handler.o(i.ah_show_exception) for ah_show_exception
    action_handler.o(i.TIM3_IRQHandler) refers to action_handler.o(.data) for timer_count
    action_handler.o(i.TIM3_IRQHandler) refers to event_handler.o(.data) for flag_F1_Reached
    action_handler.o(i.action_handler_init) refers to hal_timer.o(i.hal_timer_init_base) for hal_timer_init_base
    action_handler.o(i.action_handler_init) refers to hal_timer.o(i.hal_timer_irq_set) for hal_timer_irq_set
    action_handler.o(i.action_handler_init) refers to hal_timer.o(i.hal_timer_start) for hal_timer_start
    action_handler.o(i.ah_door) refers to action_handler.o(i.ah_show_exception) for ah_show_exception
    action_handler.o(i.ah_door) refers to action_handler.o(.data) for door_state
    action_handler.o(i.ah_motor) refers to action_handler.o(i.ah_show_exception) for ah_show_exception
    action_handler.o(i.ah_motor) refers to action_handler.o(.data) for door_state
    action_handler.o(i.ah_show_exception) refers to hal_ct_lcd.o(i.hal_ct_lcd_write) for hal_ct_lcd_write
    action_handler.o(i.ah_show_state) refers to hal_ct_lcd.o(i.hal_ct_lcd_write) for hal_ct_lcd_write
    action_handler.o(i.ah_signal) refers to action_handler.o(.data) for signal_state
    event_handler.o(i.eh_7seg_display) refers to _printf_percent.o(.ARM.Collect$$_printf_percent$$00000000) for _printf_percent
    event_handler.o(i.eh_7seg_display) refers to _printf_u.o(.ARM.Collect$$_printf_percent$$0000000A) for _printf_u
    event_handler.o(i.eh_7seg_display) refers to _printf_dec.o(.text) for _printf_int_dec
    event_handler.o(i.eh_7seg_display) refers to __2snprintf.o(.text) for __2snprintf
    event_handler.o(i.eh_get_event) refers to timer.o(i.timer_read) for timer_read
    event_handler.o(i.eh_get_event) refers to event_handler.o(i.eh_7seg_display) for eh_7seg_display
    event_handler.o(i.eh_get_event) refers to event_handler.o(.data) for timer_old
    event_handler.o(i.eh_weight_control) refers to event_handler.o(i.eh_7seg_display) for eh_7seg_display
    event_handler.o(i.eh_weight_control) refers to event_handler.o(.data) for wctl_state
    main.o(i.main) refers to state_machine.o(i.fsm_init) for fsm_init
    main.o(i.main) refers to timer.o(i.timer_init) for timer_init
    main.o(i.main) refers to event_handler.o(i.eh_get_event) for eh_get_event
    main.o(i.main) refers to state_machine.o(i.fsm_handle_event) for fsm_handle_event
    state_machine.o(i.fsm_handle_event) refers to state_machine.o(i.__ARM_common_switch8) for __ARM_common_switch8
    state_machine.o(i.fsm_handle_event) refers to action_handler.o(i.ah_door) for ah_door
    state_machine.o(i.fsm_handle_event) refers to action_handler.o(i.ah_show_state) for ah_show_state
    state_machine.o(i.fsm_handle_event) refers to timer.o(i.timer_start) for timer_start
    state_machine.o(i.fsm_handle_event) refers to action_handler.o(i.ah_motor) for ah_motor
    state_machine.o(i.fsm_handle_event) refers to state_machine.o(.data) for state
    state_machine.o(i.fsm_init) refers to action_handler.o(i.action_handler_init) for action_handler_init
    state_machine.o(i.fsm_init) refers to action_handler.o(i.ah_show_exception) for ah_show_exception
    state_machine.o(i.fsm_init) refers to action_handler.o(i.ah_show_state) for ah_show_state
    timer.o(i.TIM4_IRQHandler) refers to hal_timer.o(i.hal_timer_irq_status) for hal_timer_irq_status
    timer.o(i.TIM4_IRQHandler) refers to hal_timer.o(i.hal_timer_irq_clear) for hal_timer_irq_clear
    timer.o(i.TIM4_IRQHandler) refers to timer.o(.data) for timer_count
    timer.o(i.timer_init) refers to hal_timer.o(i.hal_timer_init_base) for hal_timer_init_base
    timer.o(i.timer_init) refers to hal_timer.o(i.hal_timer_irq_set) for hal_timer_irq_set
    timer.o(i.timer_init) refers to hal_timer.o(i.hal_timer_start) for hal_timer_start
    timer.o(i.timer_read) refers to timer.o(.data) for timer_count
    timer.o(i.timer_start) refers to timer.o(.data) for timer_count
    timer.o(i.timer_stop) refers to timer.o(.data) for timer_count
    datainit_ctboard.o(.text) refers (Weak) to startup_ctboard.o(STACK) for Stack_Mem
    datainit_ctboard.o(.text) refers to main.o(i.main) for main
    startup_ctboard.o(RESET) refers to startup_ctboard.o(STACK) for __initial_sp
    startup_ctboard.o(RESET) refers to startup_ctboard.o(.text) for Reset_Handler
    startup_ctboard.o(RESET) refers to action_handler.o(i.TIM3_IRQHandler) for TIM3_IRQHandler
    startup_ctboard.o(RESET) refers to timer.o(i.TIM4_IRQHandler) for TIM4_IRQHandler
    startup_ctboard.o(.text) refers to system_ctboard.o(i.__system) for __system
    startup_ctboard.o(.text) refers to datainit_ctboard.o(.text) for __main
    system_ctboard.o(i.__system) refers to system_ctboard.o(i.system_enter_run) for system_enter_run
    system_ctboard.o(i.init_FMC_SRAM) refers to hal_gpio.o(i.hal_gpio_init_alternate) for hal_gpio_init_alternate
    system_ctboard.o(i.init_FMC_SRAM) refers to rt_memcpy.o(.emb_text) for __aeabi_memcpy4
    system_ctboard.o(i.init_FMC_SRAM) refers to hal_fmc.o(i.hal_fmc_init_sram) for hal_fmc_init_sram
    system_ctboard.o(i.init_SystemClock) refers to hal_rcc.o(i.hal_rcc_reset) for hal_rcc_reset
    system_ctboard.o(i.init_SystemClock) refers to hal_rcc.o(i.hal_rcc_set_osc) for hal_rcc_set_osc
    system_ctboard.o(i.init_SystemClock) refers to hal_rcc.o(i.hal_rcc_setup_pll) for hal_rcc_setup_pll
    system_ctboard.o(i.init_SystemClock) refers to hal_pwr.o(i.hal_pwr_set_overdrive) for hal_pwr_set_overdrive
    system_ctboard.o(i.init_SystemClock) refers to hal_rcc.o(i.hal_rcc_setup_clock) for hal_rcc_setup_clock
    system_ctboard.o(i.system_enter_run) refers to system_ctboard.o(i.init_SystemClock) for init_SystemClock
    system_ctboard.o(i.system_enter_run) refers to system_ctboard.o(i.init_FPU) for init_FPU
    system_ctboard.o(i.system_enter_run) refers to system_ctboard.o(i.init_FMC_SRAM) for init_FMC_SRAM
    system_ctboard.o(i.system_enter_run) refers to system_ctboard.o(i.init_LCD) for init_LCD
    hal_ct_lcd.o(i.hal_ct_lcd_clear) refers to hal_ct_lcd.o(i.hal_ct_lcd_write) for hal_ct_lcd_write
    hal_gpio.o(i.create_pattern_mask) refers to aeabi_sdiv.o(.text) for __aeabi_idivmod
    hal_gpio.o(i.hal_gpio_bit_reset) refers to hal_gpio.o(i.intercept_overwrite_register) for intercept_overwrite_register
    hal_gpio.o(i.hal_gpio_bit_set) refers to hal_gpio.o(i.intercept_overwrite_register) for intercept_overwrite_register
    hal_gpio.o(i.hal_gpio_bit_toggle) refers to hal_gpio.o(i.intercept_overwrite_register) for intercept_overwrite_register
    hal_gpio.o(i.hal_gpio_bit_toggle) refers to hal_gpio.o(i.hal_gpio_output_read) for hal_gpio_output_read
    hal_gpio.o(i.hal_gpio_init_alternate) refers to hal_gpio.o(i.hal_gpio_init_output) for hal_gpio_init_output
    hal_gpio.o(i.hal_gpio_init_alternate) refers to hal_gpio.o(i.create_pattern_mask) for create_pattern_mask
    hal_gpio.o(i.hal_gpio_init_analog) refers to hal_gpio.o(i.hal_gpio_init_input) for hal_gpio_init_input
    hal_gpio.o(i.hal_gpio_init_analog) refers to hal_gpio.o(i.create_pattern_mask) for create_pattern_mask
    hal_gpio.o(i.hal_gpio_init_input) refers to hal_gpio.o(i.intercept_overwrite_register) for intercept_overwrite_register
    hal_gpio.o(i.hal_gpio_init_input) refers to hal_gpio.o(i.create_pattern_mask) for create_pattern_mask
    hal_gpio.o(i.hal_gpio_init_output) refers to hal_gpio.o(i.intercept_overwrite_register) for intercept_overwrite_register
    hal_gpio.o(i.hal_gpio_init_output) refers to hal_gpio.o(i.create_pattern_mask) for create_pattern_mask
    hal_gpio.o(i.hal_gpio_irq_set) refers to hal_gpio.o(i.get_syscfg_mask) for get_syscfg_mask
    hal_gpio.o(i.hal_gpio_output_write) refers to hal_gpio.o(i.intercept_overwrite_register) for intercept_overwrite_register
    hal_rcc.o(i.hal_rcc_set_peripheral) refers to state_machine.o(i.__ARM_common_switch8) for __ARM_common_switch8
    hal_timer.o(i.hal_timer_init_input) refers to hal_timer.o(i.set_channel_ccreg) for set_channel_ccreg
    hal_timer.o(i.hal_timer_init_input) refers to hal_timer.o(i.set_channel_polarity) for set_channel_polarity
    hal_timer.o(i.hal_timer_init_input) refers to hal_timer.o(i.hal_timer_channel_set) for hal_timer_channel_set
    hal_timer.o(i.hal_timer_init_output) refers to hal_timer.o(i.set_channel_ccreg) for set_channel_ccreg
    hal_timer.o(i.hal_timer_init_output) refers to hal_timer.o(i.set_channel_polarity) for set_channel_polarity
    hal_timer.o(i.hal_timer_init_output) refers to hal_timer.o(i.hal_timer_channel_set) for hal_timer_channel_set
    hal_timer.o(i.hal_timer_init_output) refers to hal_timer.o(i.hal_timer_compare_write) for hal_timer_compare_write
    hal_timer.o(i.hal_timer_init_output) refers to hal_timer.o(i.adv_main_output_set) for adv_main_output_set
    hal_timer.o(i.hal_timer_irq_set) refers to hal_timer.o(i.get_irq_param) for get_irq_param
    hal_timer.o(i.hal_timer_reset) refers to hal_timer.o(i.get_irq_param) for get_irq_param
    __2snprintf.o(.text) refers to _printf_char_common.o(.text) for _printf_char_common
    __2snprintf.o(.text) refers to _sputc.o(.text) for _sputc
    __2snprintf.o(.text) refers to _snputc.o(.text) for _snputc
    noretval__2snprintf.o(.text) refers to _printf_char_common.o(.text) for _printf_char_common
    noretval__2snprintf.o(.text) refers to _sputc.o(.text) for _sputc
    noretval__2snprintf.o(.text) refers to _snputc.o(.text) for _snputc
    __printf.o(.text) refers to _printf_percent.o(.ARM.Collect$$_printf_percent$$00000000) for _printf_percent
    _printf_dec.o(.text) refers to rtudiv10.o(.text) for __rt_udiv10
    _printf_dec.o(.text) refers to _printf_intcommon.o(.text) for _printf_int_common
    __printf_flags.o(.text) refers to _printf_percent.o(.ARM.Collect$$_printf_percent$$00000000) for _printf_percent
    __printf_flags.o(.text) refers to __printf_flags.o(.constdata) for .constdata
    __printf_ss.o(.text) refers to _printf_percent.o(.ARM.Collect$$_printf_percent$$00000000) for _printf_percent
    __printf_flags_ss.o(.text) refers to _printf_percent.o(.ARM.Collect$$_printf_percent$$00000000) for _printf_percent
    __printf_flags_ss.o(.text) refers to __printf_flags_ss.o(.constdata) for .constdata
    __printf_wp.o(.text) refers to __printf_wp.o(i._is_digit) for _is_digit
    __printf_wp.o(.text) refers to _printf_percent.o(.ARM.Collect$$_printf_percent$$00000000) for _printf_percent
    __printf_flags_wp.o(.text) refers to __printf_wp.o(i._is_digit) for _is_digit
    __printf_flags_wp.o(.text) refers to _printf_percent.o(.ARM.Collect$$_printf_percent$$00000000) for _printf_percent
    __printf_flags_wp.o(.text) refers to __printf_flags_wp.o(.constdata) for .constdata
    __printf_ss_wp.o(.text) refers to __printf_wp.o(i._is_digit) for _is_digit
    __printf_ss_wp.o(.text) refers to _printf_percent.o(.ARM.Collect$$_printf_percent$$00000000) for _printf_percent
    __printf_flags_ss_wp.o(.text) refers to __printf_wp.o(i._is_digit) for _is_digit
    __printf_flags_ss_wp.o(.text) refers to _printf_percent.o(.ARM.Collect$$_printf_percent$$00000000) for _printf_percent
    __printf_flags_ss_wp.o(.text) refers to __printf_flags_ss_wp.o(.constdata) for .constdata
    _printf_u.o(.ARM.Collect$$_printf_percent$$0000000A) refers (Weak) to _printf_dec.o(.text) for _printf_int_dec
    _printf_percent.o(.ARM.Collect$$_printf_percent$$00000000) refers (Special) to _printf_percent_end.o(.ARM.Collect$$_printf_percent$$00000017) for _printf_percent_end
    rt_memcpy.o(.text) refers to rt_memcpy.o(.emb_text) for __aeabi_memcpy4
    aeabi_idiv0_sigfpe.o(.text) refers to rt_div0.o(.text) for __rt_div0
    _printf_char_common.o(.text) refers to __printf.o(.text) for __printf
    rt_div0.o(.text) refers to defsig_fpe_outer.o(.text) for __rt_SIGFPE
    defsig_fpe_outer.o(.text) refers to defsig_fpe_inner.o(.text) for __rt_SIGFPE_inner
    defsig_fpe_outer.o(.text) refers to defsig_exit.o(.text) for __sig_exit
    defsig_fpe_formal.o(.text) refers to rt_raise.o(.text) for __rt_raise
    rt_raise.o(.text) refers to __raise.o(.text) for __raise
    rt_raise.o(.text) refers to sys_exit.o(.text) for _sys_exit
    defsig_exit.o(.text) refers to sys_exit.o(.text) for _sys_exit
    defsig_fpe_inner.o(.text) refers to defsig_general.o(.text) for __default_signal_display
    sys_exit.o(.text) refers (Special) to use_no_semi.o(.text) for __I$use$semihosting
    sys_exit.o(.text) refers (Special) to indicate_semi.o(.text) for __semihosting_library_function
    __raise.o(.text) refers to defsig.o(CL$$defsig) for __default_signal_handler
    defsig_general.o(.text) refers to sys_wrch.o(.text) for _ttywrch
    sys_wrch.o(.text) refers (Special) to use_no_semi.o(.text) for __I$use$semihosting
    sys_wrch.o(.text) refers (Special) to indicate_semi.o(.text) for __semihosting_library_function
    defsig.o(CL$$defsig) refers to defsig_fpe_inner.o(.text) for __rt_SIGFPE_inner
    defsig_abrt_inner.o(.text) refers to defsig_general.o(.text) for __default_signal_display
    defsig_rtred_inner.o(.text) refers to defsig_general.o(.text) for __default_signal_display
    defsig_rtmem_inner.o(.text) refers to defsig_general.o(.text) for __default_signal_display
    defsig_stak_inner.o(.text) refers to defsig_general.o(.text) for __default_signal_display
    defsig_pvfn_inner.o(.text) refers to defsig_general.o(.text) for __default_signal_display
    defsig_cppl_inner.o(.text) refers to defsig_general.o(.text) for __default_signal_display
    defsig_segv_inner.o(.text) refers to defsig_general.o(.text) for __default_signal_display
    defsig_other.o(.text) refers to defsig_general.o(.text) for __default_signal_display


==============================================================================

Removing Unused input sections from the image.

    Removing action_handler.o(i.ah_signal), (12 bytes).
    Removing event_handler.o(i.eh_init), (108 bytes).
    Removing event_handler.o(i.eh_weight_control), (48 bytes).
    Removing timer.o(i.timer_stop), (12 bytes).
    Removing startup_ctboard.o(HEAP), (2048 bytes).
    Removing system_ctboard.o(i.system_enter_sleep), (2 bytes).
    Removing system_ctboard.o(i.system_enter_standby), (2 bytes).
    Removing system_ctboard.o(i.system_enter_stop), (2 bytes).
    Removing hal_ct_lcd.o(i.hal_ct_lcd_clear), (44 bytes).
    Removing hal_ct_lcd.o(i.hal_ct_lcd_color), (40 bytes).
    Removing hal_fmc.o(i.hal_fmc_reset), (92 bytes).
    Removing hal_gpio.o(i.get_syscfg_mask), (148 bytes).
    Removing hal_gpio.o(i.hal_gpio_bit_reset), (26 bytes).
    Removing hal_gpio.o(i.hal_gpio_bit_set), (24 bytes).
    Removing hal_gpio.o(i.hal_gpio_bit_toggle), (42 bytes).
    Removing hal_gpio.o(i.hal_gpio_init_analog), (50 bytes).
    Removing hal_gpio.o(i.hal_gpio_init_input), (90 bytes).
    Removing hal_gpio.o(i.hal_gpio_input_read), (8 bytes).
    Removing hal_gpio.o(i.hal_gpio_irq_clear), (16 bytes).
    Removing hal_gpio.o(i.hal_gpio_irq_set), (540 bytes).
    Removing hal_gpio.o(i.hal_gpio_irq_status), (36 bytes).
    Removing hal_gpio.o(i.hal_gpio_output_read), (8 bytes).
    Removing hal_gpio.o(i.hal_gpio_output_write), (20 bytes).
    Removing hal_gpio.o(i.hal_gpio_reset), (76 bytes).
    Removing hal_pwr.o(i.hal_pwr_reset), (20 bytes).
    Removing hal_pwr.o(i.hal_pwr_set_backup_access), (40 bytes).
    Removing hal_pwr.o(i.hal_pwr_set_backup_domain), (100 bytes).
    Removing hal_pwr.o(i.hal_pwr_set_flash_powerdown), (40 bytes).
    Removing hal_pwr.o(i.hal_pwr_set_underdrive), (6 bytes).
    Removing hal_pwr.o(i.hal_pwr_set_wakeup_pin), (40 bytes).
    Removing hal_rcc.o(i.hal_rcc_set_peripheral), (236 bytes).
    Removing hal_timer.o(i.adv_main_output_set), (26 bytes).
    Removing hal_timer.o(i.hal_timer_channel_set), (50 bytes).
    Removing hal_timer.o(i.hal_timer_compare_read), (88 bytes).
    Removing hal_timer.o(i.hal_timer_compare_write), (88 bytes).
    Removing hal_timer.o(i.hal_timer_counter_read), (28 bytes).
    Removing hal_timer.o(i.hal_timer_dma_set), (20 bytes).
    Removing hal_timer.o(i.hal_timer_init_clock), (86 bytes).
    Removing hal_timer.o(i.hal_timer_init_input), (64 bytes).
    Removing hal_timer.o(i.hal_timer_init_output), (88 bytes).
    Removing hal_timer.o(i.hal_timer_prescaler_write), (36 bytes).
    Removing hal_timer.o(i.hal_timer_reload_write), (28 bytes).
    Removing hal_timer.o(i.hal_timer_reset), (292 bytes).
    Removing hal_timer.o(i.hal_timer_stop), (10 bytes).
    Removing hal_timer.o(i.set_channel_ccreg), (102 bytes).
    Removing hal_timer.o(i.set_channel_polarity), (48 bytes).

46 unused section(s) (total 5030 bytes) removed from the image.

==============================================================================

Image Symbol Table

    Local Symbols

    Symbol Name                              Value     Ov Type        Size  Object(Section)

    ../clib/angel/rt.s                       0x00000000   Number         0  rt_raise.o ABSOLUTE
    ../clib/angel/rt.s                       0x00000000   Number         0  aeabi_idiv0.o ABSOLUTE
    ../clib/angel/rt.s                       0x00000000   Number         0  aeabi_idiv0_sigfpe.o ABSOLUTE
    ../clib/angel/rt.s                       0x00000000   Number         0  rt_div0.o ABSOLUTE
    ../clib/angel/sys.s                      0x00000000   Number         0  indicate_semi.o ABSOLUTE
    ../clib/angel/sys.s                      0x00000000   Number         0  use_no_semi.o ABSOLUTE
    ../clib/angel/sysapp.c                   0x00000000   Number         0  sys_wrch.o ABSOLUTE
    ../clib/angel/sysapp.c                   0x00000000   Number         0  sys_exit.o ABSOLUTE
    ../clib/division.c                       0x00000000   Number         0  rtudiv10.o ABSOLUTE
    ../clib/division.s                       0x00000000   Number         0  aeabi_sdiv_div0.o ABSOLUTE
    ../clib/division.s                       0x00000000   Number         0  aeabi_sdiv.o ABSOLUTE
    ../clib/memcpset.c                       0x00000000   Number         0  rt_memcpy.o ABSOLUTE
    ../clib/memcpset.c                       0x00000000   Number         0  rt_memcpy.o ABSOLUTE
    ../clib/misc.s                           0x00000000   Number         0  printf_stubs.o ABSOLUTE
    ../clib/printf.c                         0x00000000   Number         0  __printf_ss.o ABSOLUTE
    ../clib/printf.c                         0x00000000   Number         0  __printf_flags_ss_wp.o ABSOLUTE
    ../clib/printf.c                         0x00000000   Number         0  _sputc.o ABSOLUTE
    ../clib/printf.c                         0x00000000   Number         0  _printf_intcommon.o ABSOLUTE
    ../clib/printf.c                         0x00000000   Number         0  __printf_ss_wp.o ABSOLUTE
    ../clib/printf.c                         0x00000000   Number         0  _printf_char_common.o ABSOLUTE
    ../clib/printf.c                         0x00000000   Number         0  _snputc.o ABSOLUTE
    ../clib/printf.c                         0x00000000   Number         0  __printf_flags_wp.o ABSOLUTE
    ../clib/printf.c                         0x00000000   Number         0  __2snprintf.o ABSOLUTE
    ../clib/printf.c                         0x00000000   Number         0  __printf_nopercent.o ABSOLUTE
    ../clib/printf.c                         0x00000000   Number         0  __printf_flags_ss.o ABSOLUTE
    ../clib/printf.c                         0x00000000   Number         0  __printf_wp.o ABSOLUTE
    ../clib/printf.c                         0x00000000   Number         0  __printf_flags.o ABSOLUTE
    ../clib/printf.c                         0x00000000   Number         0  _printf_dec.o ABSOLUTE
    ../clib/printf.c                         0x00000000   Number         0  __printf.o ABSOLUTE
    ../clib/printf.c                         0x00000000   Number         0  noretval__2snprintf.o ABSOLUTE
    ../clib/printf_percent.s                 0x00000000   Number         0  _printf_u.o ABSOLUTE
    ../clib/printf_percent.s                 0x00000000   Number         0  _printf_percent.o ABSOLUTE
    ../clib/printf_percent.s                 0x00000000   Number         0  _printf_percent_end.o ABSOLUTE
    ../clib/signal.c                         0x00000000   Number         0  defsig_abrt_inner.o ABSOLUTE
    ../clib/signal.c                         0x00000000   Number         0  defsig_general.o ABSOLUTE
    ../clib/signal.c                         0x00000000   Number         0  __raise.o ABSOLUTE
    ../clib/signal.c                         0x00000000   Number         0  defsig_exit.o ABSOLUTE
    ../clib/signal.c                         0x00000000   Number         0  defsig_fpe_inner.o ABSOLUTE
    ../clib/signal.c                         0x00000000   Number         0  defsig_fpe_outer.o ABSOLUTE
    ../clib/signal.c                         0x00000000   Number         0  defsig_fpe_formal.o ABSOLUTE
    ../clib/signal.c                         0x00000000   Number         0  defsig_other.o ABSOLUTE
    ../clib/signal.c                         0x00000000   Number         0  defsig_segv_inner.o ABSOLUTE
    ../clib/signal.c                         0x00000000   Number         0  defsig_rtred_inner.o ABSOLUTE
    ../clib/signal.c                         0x00000000   Number         0  defsig_rtmem_inner.o ABSOLUTE
    ../clib/signal.c                         0x00000000   Number         0  defsig_stak_inner.o ABSOLUTE
    ../clib/signal.c                         0x00000000   Number         0  defsig_pvfn_inner.o ABSOLUTE
    ../clib/signal.c                         0x00000000   Number         0  defsig_cppl_inner.o ABSOLUTE
    ../clib/signal.s                         0x00000000   Number         0  defsig.o ABSOLUTE
    RTE\Device\CT_Board_HS14_M0\datainit_ctboard.s 0x00000000   Number         0  datainit_ctboard.o ABSOLUTE
    RTE\Device\CT_Board_HS14_M0\startup_ctboard.s 0x00000000   Number         0  startup_ctboard.o ABSOLUTE
    RTE\Device\CT_Board_HS14_M0\system_ctboard.c 0x00000000   Number         0  system_ctboard.o ABSOLUTE
    RTE\HAL\CT_Board_HS14_M0\hal_ct_lcd.c    0x00000000   Number         0  hal_ct_lcd.o ABSOLUTE
    RTE\HAL\CT_Board_HS14_M0\hal_fmc.c       0x00000000   Number         0  hal_fmc.o ABSOLUTE
    RTE\HAL\CT_Board_HS14_M0\hal_gpio.c      0x00000000   Number         0  hal_gpio.o ABSOLUTE
    RTE\HAL\CT_Board_HS14_M0\hal_pwr.c       0x00000000   Number         0  hal_pwr.o ABSOLUTE
    RTE\HAL\CT_Board_HS14_M0\hal_rcc.c       0x00000000   Number         0  hal_rcc.o ABSOLUTE
    RTE\HAL\CT_Board_HS14_M0\hal_timer.c     0x00000000   Number         0  hal_timer.o ABSOLUTE
    app\action_handler.c                     0x00000000   Number         0  action_handler.o ABSOLUTE
    app\event_handler.c                      0x00000000   Number         0  event_handler.o ABSOLUTE
    app\main.c                               0x00000000   Number         0  main.o ABSOLUTE
    app\state_machine.c                      0x00000000   Number         0  state_machine.o ABSOLUTE
    app\timer.c                              0x00000000   Number         0  timer.o ABSOLUTE
    dc.s                                     0x00000000   Number         0  dc.o ABSOLUTE
    RESET                                    0x08000000   Section      428  startup_ctboard.o(RESET)
    .ARM.Collect$$_printf_percent$$00000000  0x080001ac   Section        2  _printf_percent.o(.ARM.Collect$$_printf_percent$$00000000)
    .ARM.Collect$$_printf_percent$$0000000A  0x080001ae   Section       10  _printf_u.o(.ARM.Collect$$_printf_percent$$0000000A)
    .ARM.Collect$$_printf_percent$$00000017  0x080001b8   Section        4  _printf_percent_end.o(.ARM.Collect$$_printf_percent$$00000017)
    .emb_text                                0x080001bc   Section       56  rt_memcpy.o(.emb_text)
    .text                                    0x080001f4   Section      124  datainit_ctboard.o(.text)
    .text                                    0x08000270   Section       36  startup_ctboard.o(.text)
    .text                                    0x08000294   Section        0  __2snprintf.o(.text)
    .text                                    0x080002d0   Section        0  __printf.o(.text)
    .text                                    0x0800033c   Section        0  _printf_dec.o(.text)
    .text                                    0x080003a8   Section      346  aeabi_sdiv.o(.text)
    .text                                    0x08000502   Section        0  _printf_intcommon.o(.text)
    .text                                    0x080005b4   Section        0  _printf_char_common.o(.text)
    _printf_input_char                       0x080005b5   Thumb Code    10  _printf_char_common.o(.text)
    .text                                    0x080005e4   Section        0  _sputc.o(.text)
    .text                                    0x080005ee   Section        0  _snputc.o(.text)
    .text                                    0x080005fe   Section        0  rtudiv10.o(.text)
    i.TIM3_IRQHandler                        0x08000628   Section        0  action_handler.o(i.TIM3_IRQHandler)
    i.TIM4_IRQHandler                        0x08000820   Section        0  timer.o(i.TIM4_IRQHandler)
    i.__ARM_common_switch8                   0x08000854   Section        0  state_machine.o(i.__ARM_common_switch8)
    i.__system                               0x08000870   Section        0  system_ctboard.o(i.__system)
    i.action_handler_init                    0x08000878   Section        0  action_handler.o(i.action_handler_init)
    i.ah_door                                0x080008bc   Section        0  action_handler.o(i.ah_door)
    i.ah_motor                               0x080009b8   Section        0  action_handler.o(i.ah_motor)
    i.ah_show_exception                      0x08000a34   Section        0  action_handler.o(i.ah_show_exception)
    i.ah_show_state                          0x08000abc   Section        0  action_handler.o(i.ah_show_state)
    i.create_pattern_mask                    0x08000aec   Section        0  hal_gpio.o(i.create_pattern_mask)
    create_pattern_mask                      0x08000aed   Thumb Code    92  hal_gpio.o(i.create_pattern_mask)
    i.eh_7seg_display                        0x08000b48   Section        0  event_handler.o(i.eh_7seg_display)
    eh_7seg_display                          0x08000b49   Thumb Code    90  event_handler.o(i.eh_7seg_display)
    i.eh_get_event                           0x08000bb8   Section        0  event_handler.o(i.eh_get_event)
    i.fsm_handle_event                       0x08000d00   Section        0  state_machine.o(i.fsm_handle_event)
    i.fsm_init                               0x08000efc   Section        0  state_machine.o(i.fsm_init)
    i.get_irq_param                          0x08000f24   Section        0  hal_timer.o(i.get_irq_param)
    get_irq_param                            0x08000f25   Thumb Code   360  hal_timer.o(i.get_irq_param)
    i.hal_ct_lcd_write                       0x080010c0   Section        0  hal_ct_lcd.o(i.hal_ct_lcd_write)
    i.hal_fmc_init_sram                      0x080010ec   Section        0  hal_fmc.o(i.hal_fmc_init_sram)
    i.hal_gpio_init_alternate                0x08001288   Section        0  hal_gpio.o(i.hal_gpio_init_alternate)
    i.hal_gpio_init_output                   0x0800130a   Section        0  hal_gpio.o(i.hal_gpio_init_output)
    i.hal_pwr_set_overdrive                  0x080013a2   Section        0  hal_pwr.o(i.hal_pwr_set_overdrive)
    i.hal_rcc_reset                          0x080013a8   Section        0  hal_rcc.o(i.hal_rcc_reset)
    i.hal_rcc_set_osc                        0x08001450   Section        0  hal_rcc.o(i.hal_rcc_set_osc)
    i.hal_rcc_setup_clock                    0x080014e8   Section        0  hal_rcc.o(i.hal_rcc_setup_clock)
    i.hal_rcc_setup_pll                      0x08001574   Section        0  hal_rcc.o(i.hal_rcc_setup_pll)
    i.hal_timer_init_base                    0x080016bc   Section        0  hal_timer.o(i.hal_timer_init_base)
    i.hal_timer_irq_clear                    0x08001728   Section        0  hal_timer.o(i.hal_timer_irq_clear)
    i.hal_timer_irq_set                      0x08001730   Section        0  hal_timer.o(i.hal_timer_irq_set)
    i.hal_timer_irq_status                   0x080017b0   Section        0  hal_timer.o(i.hal_timer_irq_status)
    i.hal_timer_start                        0x080017cc   Section        0  hal_timer.o(i.hal_timer_start)
    i.init_FMC_SRAM                          0x080017d8   Section        0  system_ctboard.o(i.init_FMC_SRAM)
    init_FMC_SRAM                            0x080017d9   Thumb Code   266  system_ctboard.o(i.init_FMC_SRAM)
    i.init_FPU                               0x08001900   Section        0  system_ctboard.o(i.init_FPU)
    init_FPU                                 0x08001901   Thumb Code     2  system_ctboard.o(i.init_FPU)
    i.init_LCD                               0x08001904   Section        0  system_ctboard.o(i.init_LCD)
    init_LCD                                 0x08001905   Thumb Code    12  system_ctboard.o(i.init_LCD)
    i.init_SystemClock                       0x08001914   Section        0  system_ctboard.o(i.init_SystemClock)
    init_SystemClock                         0x08001915   Thumb Code   168  system_ctboard.o(i.init_SystemClock)
    i.intercept_overwrite_register           0x080019cc   Section        0  hal_gpio.o(i.intercept_overwrite_register)
    intercept_overwrite_register             0x080019cd   Thumb Code    22  hal_gpio.o(i.intercept_overwrite_register)
    i.main                                   0x080019ec   Section        0  main.o(i.main)
    i.system_enter_run                       0x08001a08   Section        0  system_ctboard.o(i.system_enter_run)
    i.timer_init                             0x08001a1c   Section        0  timer.o(i.timer_init)
    i.timer_read                             0x08001a64   Section        0  timer.o(i.timer_read)
    i.timer_start                            0x08001a70   Section        0  timer.o(i.timer_start)
    .data                                    0x20000000   Section       24  action_handler.o(.data)
    elevator_state                           0x20000000   Data           1  action_handler.o(.data)
    door_state                               0x20000001   Data           1  action_handler.o(.data)
    signal_state                             0x20000002   Data           1  action_handler.o(.data)
    timer_count                              0x20000004   Data           4  action_handler.o(.data)
    elevator_position                        0x20000008   Data           2  action_handler.o(.data)
    elevator_pattern                         0x2000000c   Data           4  action_handler.o(.data)
    door_position                            0x20000010   Data           2  action_handler.o(.data)
    door_pattern                             0x20000014   Data           4  action_handler.o(.data)
    .data                                    0x20000018   Section       18  event_handler.o(.data)
    current_weight_limit                     0x20000018   Data           2  event_handler.o(.data)
    wctl_state                               0x2000001a   Data           1  event_handler.o(.data)
    weight_value_old                         0x2000001c   Data           2  event_handler.o(.data)
    button_value_old                         0x20000020   Data           1  event_handler.o(.data)
    dip_value_old                            0x20000024   Data           4  event_handler.o(.data)
    timer_old                                0x20000028   Data           2  event_handler.o(.data)
    .data                                    0x2000002a   Section        1  state_machine.o(.data)
    state                                    0x2000002a   Data           1  state_machine.o(.data)
    .data                                    0x2000002c   Section        2  timer.o(.data)
    timer_count                              0x2000002c   Data           2  timer.o(.data)
    STACK                                    0x20000030   Section     8192  startup_ctboard.o(STACK)
    __initial_sp                             0x20002030   Data           0  startup_ctboard.o(STACK)

    Global Symbols

    Symbol Name                              Value     Ov Type        Size  Object(Section)

    BuildAttributes$$THM_ISAv3M$S$PE$A:L22$X:L11$S22$IEEE1$IW$USESV6$~STKCKD$USESV7$~SHL$OSPACE$ROPI$EBA8$STANDARDLIB$REQ8$PRES8$EABIv2 0x00000000   Number         0  anon$$obj.o ABSOLUTE
    __ARM_use_no_argv                        0x00000000   Number         0  main.o ABSOLUTE
    _printf_flags                            0x00000000   Number         0  printf_stubs.o ABSOLUTE
    _printf_return_value                     0x00000000   Number         0  printf_stubs.o ABSOLUTE
    _printf_sizespec                         0x00000000   Number         0  printf_stubs.o ABSOLUTE
    _printf_widthprec                        0x00000000   Number         0  printf_stubs.o ABSOLUTE
    Image$$ER_IROM1$$Limit                    - Undefined Weak Reference
    Image$$RW_IRAM1$$Base                     - Undefined Weak Reference
    Image$$RW_IRAM1$$ZI$$Base                 - Undefined Weak Reference
    Image$$RW_IRAM1$$ZI$$Limit                - Undefined Weak Reference
    __sigvec_lookup                           - Undefined Weak Reference
    _printf_post_padding                      - Undefined Weak Reference
    _printf_pre_padding                       - Undefined Weak Reference
    _printf_truncate_signed                   - Undefined Weak Reference
    _printf_truncate_unsigned                 - Undefined Weak Reference
    __Vectors_Size                           0x000001ac   Number         0  startup_ctboard.o ABSOLUTE
    Stack_Size                               0x00002000   Number         0  startup_ctboard.o ABSOLUTE
    __Vectors                                0x08000000   Data           4  startup_ctboard.o(RESET)
    __Vectors_End                            0x080001ac   Data           0  startup_ctboard.o(RESET)
    _printf_percent                          0x080001ad   Thumb Code     0  _printf_percent.o(.ARM.Collect$$_printf_percent$$00000000)
    _printf_u                                0x080001af   Thumb Code     0  _printf_u.o(.ARM.Collect$$_printf_percent$$0000000A)
    _printf_percent_end                      0x080001b9   Thumb Code     0  _printf_percent_end.o(.ARM.Collect$$_printf_percent$$00000017)
    __aeabi_memcpy4                          0x080001bd   Thumb Code    56  rt_memcpy.o(.emb_text)
    __aeabi_memcpy8                          0x080001bd   Thumb Code     0  rt_memcpy.o(.emb_text)
    __main                                   0x080001f5   Thumb Code    74  datainit_ctboard.o(.text)
    Reset_Handler                            0x08000271   Thumb Code     8  startup_ctboard.o(.text)
    NMI_Handler                              0x08000279   Thumb Code     2  startup_ctboard.o(.text)
    HardFault_Handler                        0x0800027b   Thumb Code     2  startup_ctboard.o(.text)
    MemManage_Handler                        0x0800027d   Thumb Code     2  startup_ctboard.o(.text)
    BusFault_Handler                         0x0800027f   Thumb Code     2  startup_ctboard.o(.text)
    UsageFault_Handler                       0x08000281   Thumb Code     2  startup_ctboard.o(.text)
    SVC_Handler                              0x08000283   Thumb Code     2  startup_ctboard.o(.text)
    DebugMon_Handler                         0x08000285   Thumb Code     2  startup_ctboard.o(.text)
    PendSV_Handler                           0x08000287   Thumb Code     2  startup_ctboard.o(.text)
    SysTick_Handler                          0x08000289   Thumb Code     2  startup_ctboard.o(.text)
    ADC_IRQHandler                           0x0800028b   Thumb Code     0  startup_ctboard.o(.text)
    CAN1_RX0_IRQHandler                      0x0800028b   Thumb Code     0  startup_ctboard.o(.text)
    CAN1_RX1_IRQHandler                      0x0800028b   Thumb Code     0  startup_ctboard.o(.text)
    CAN1_SCE_IRQHandler                      0x0800028b   Thumb Code     0  startup_ctboard.o(.text)
    CAN1_TX_IRQHandler                       0x0800028b   Thumb Code     0  startup_ctboard.o(.text)
    CAN2_RX0_IRQHandler                      0x0800028b   Thumb Code     0  startup_ctboard.o(.text)
    CAN2_RX1_IRQHandler                      0x0800028b   Thumb Code     0  startup_ctboard.o(.text)
    CAN2_SCE_IRQHandler                      0x0800028b   Thumb Code     0  startup_ctboard.o(.text)
    CAN2_TX_IRQHandler                       0x0800028b   Thumb Code     0  startup_ctboard.o(.text)
    CRYP_IRQHandler                          0x0800028b   Thumb Code     0  startup_ctboard.o(.text)
    DCMI_IRQHandler                          0x0800028b   Thumb Code     0  startup_ctboard.o(.text)
    DMA1_Stream0_IRQHandler                  0x0800028b   Thumb Code     0  startup_ctboard.o(.text)
    DMA1_Stream1_IRQHandler                  0x0800028b   Thumb Code     0  startup_ctboard.o(.text)
    DMA1_Stream2_IRQHandler                  0x0800028b   Thumb Code     0  startup_ctboard.o(.text)
    DMA1_Stream3_IRQHandler                  0x0800028b   Thumb Code     0  startup_ctboard.o(.text)
    DMA1_Stream4_IRQHandler                  0x0800028b   Thumb Code     0  startup_ctboard.o(.text)
    DMA1_Stream5_IRQHandler                  0x0800028b   Thumb Code     0  startup_ctboard.o(.text)
    DMA1_Stream6_IRQHandler                  0x0800028b   Thumb Code     0  startup_ctboard.o(.text)
    DMA1_Stream7_IRQHandler                  0x0800028b   Thumb Code     0  startup_ctboard.o(.text)
    DMA2D_IRQHandler                         0x0800028b   Thumb Code     0  startup_ctboard.o(.text)
    DMA2_Stream0_IRQHandler                  0x0800028b   Thumb Code     0  startup_ctboard.o(.text)
    DMA2_Stream1_IRQHandler                  0x0800028b   Thumb Code     0  startup_ctboard.o(.text)
    DMA2_Stream2_IRQHandler                  0x0800028b   Thumb Code     0  startup_ctboard.o(.text)
    DMA2_Stream3_IRQHandler                  0x0800028b   Thumb Code     0  startup_ctboard.o(.text)
    DMA2_Stream4_IRQHandler                  0x0800028b   Thumb Code     0  startup_ctboard.o(.text)
    DMA2_Stream5_IRQHandler                  0x0800028b   Thumb Code     0  startup_ctboard.o(.text)
    DMA2_Stream6_IRQHandler                  0x0800028b   Thumb Code     0  startup_ctboard.o(.text)
    DMA2_Stream7_IRQHandler                  0x0800028b   Thumb Code     0  startup_ctboard.o(.text)
    ETH_IRQHandler                           0x0800028b   Thumb Code     0  startup_ctboard.o(.text)
    ETH_WKUP_IRQHandler                      0x0800028b   Thumb Code     0  startup_ctboard.o(.text)
    EXTI0_IRQHandler                         0x0800028b   Thumb Code     0  startup_ctboard.o(.text)
    EXTI15_10_IRQHandler                     0x0800028b   Thumb Code     0  startup_ctboard.o(.text)
    EXTI1_IRQHandler                         0x0800028b   Thumb Code     0  startup_ctboard.o(.text)
    EXTI2_IRQHandler                         0x0800028b   Thumb Code     0  startup_ctboard.o(.text)
    EXTI3_IRQHandler                         0x0800028b   Thumb Code     0  startup_ctboard.o(.text)
    EXTI4_IRQHandler                         0x0800028b   Thumb Code     0  startup_ctboard.o(.text)
    EXTI9_5_IRQHandler                       0x0800028b   Thumb Code     0  startup_ctboard.o(.text)
    FLASH_IRQHandler                         0x0800028b   Thumb Code     0  startup_ctboard.o(.text)
    FMC_IRQHandler                           0x0800028b   Thumb Code     0  startup_ctboard.o(.text)
    FPU_IRQHandler                           0x0800028b   Thumb Code     0  startup_ctboard.o(.text)
    HASH_RNG_IRQHandler                      0x0800028b   Thumb Code     0  startup_ctboard.o(.text)
    I2C1_ER_IRQHandler                       0x0800028b   Thumb Code     0  startup_ctboard.o(.text)
    I2C1_EV_IRQHandler                       0x0800028b   Thumb Code     0  startup_ctboard.o(.text)
    I2C2_ER_IRQHandler                       0x0800028b   Thumb Code     0  startup_ctboard.o(.text)
    I2C2_EV_IRQHandler                       0x0800028b   Thumb Code     0  startup_ctboard.o(.text)
    I2C3_ER_IRQHandler                       0x0800028b   Thumb Code     0  startup_ctboard.o(.text)
    I2C3_EV_IRQHandler                       0x0800028b   Thumb Code     0  startup_ctboard.o(.text)
    LTDC_ER_IRQHandler                       0x0800028b   Thumb Code     0  startup_ctboard.o(.text)
    LTDC_IRQHandler                          0x0800028b   Thumb Code     0  startup_ctboard.o(.text)
    OTG_FS_IRQHandler                        0x0800028b   Thumb Code     0  startup_ctboard.o(.text)
    OTG_FS_WKUP_IRQHandler                   0x0800028b   Thumb Code     0  startup_ctboard.o(.text)
    OTG_HS_EP1_IN_IRQHandler                 0x0800028b   Thumb Code     0  startup_ctboard.o(.text)
    OTG_HS_EP1_OUT_IRQHandler                0x0800028b   Thumb Code     0  startup_ctboard.o(.text)
    OTG_HS_IRQHandler                        0x0800028b   Thumb Code     0  startup_ctboard.o(.text)
    OTG_HS_WKUP_IRQHandler                   0x0800028b   Thumb Code     0  startup_ctboard.o(.text)
    PVD_IRQHandler                           0x0800028b   Thumb Code     0  startup_ctboard.o(.text)
    RCC_IRQHandler                           0x0800028b   Thumb Code     0  startup_ctboard.o(.text)
    RTC_Alarm_IRQHandler                     0x0800028b   Thumb Code     0  startup_ctboard.o(.text)
    RTC_WKUP_IRQHandler                      0x0800028b   Thumb Code     0  startup_ctboard.o(.text)
    SAI1_IRQHandler                          0x0800028b   Thumb Code     0  startup_ctboard.o(.text)
    SDIO_IRQHandler                          0x0800028b   Thumb Code     0  startup_ctboard.o(.text)
    SPI1_IRQHandler                          0x0800028b   Thumb Code     0  startup_ctboard.o(.text)
    SPI2_IRQHandler                          0x0800028b   Thumb Code     0  startup_ctboard.o(.text)
    SPI3_IRQHandler                          0x0800028b   Thumb Code     0  startup_ctboard.o(.text)
    SPI4_IRQHandler                          0x0800028b   Thumb Code     0  startup_ctboard.o(.text)
    SPI5_IRQHandler                          0x0800028b   Thumb Code     0  startup_ctboard.o(.text)
    SPI6_IRQHandler                          0x0800028b   Thumb Code     0  startup_ctboard.o(.text)
    TAMP_STAMP_IRQHandler                    0x0800028b   Thumb Code     0  startup_ctboard.o(.text)
    TIM1_BRK_TIM9_IRQHandler                 0x0800028b   Thumb Code     0  startup_ctboard.o(.text)
    TIM1_CC_IRQHandler                       0x0800028b   Thumb Code     0  startup_ctboard.o(.text)
    TIM1_TRG_COM_TIM11_IRQHandler            0x0800028b   Thumb Code     0  startup_ctboard.o(.text)
    TIM1_UP_TIM10_IRQHandler                 0x0800028b   Thumb Code     0  startup_ctboard.o(.text)
    TIM2_IRQHandler                          0x0800028b   Thumb Code     0  startup_ctboard.o(.text)
    TIM5_IRQHandler                          0x0800028b   Thumb Code     0  startup_ctboard.o(.text)
    TIM6_DAC_IRQHandler                      0x0800028b   Thumb Code     0  startup_ctboard.o(.text)
    TIM7_IRQHandler                          0x0800028b   Thumb Code     0  startup_ctboard.o(.text)
    TIM8_BRK_TIM12_IRQHandler                0x0800028b   Thumb Code     0  startup_ctboard.o(.text)
    TIM8_CC_IRQHandler                       0x0800028b   Thumb Code     0  startup_ctboard.o(.text)
    TIM8_TRG_COM_TIM14_IRQHandler            0x0800028b   Thumb Code     0  startup_ctboard.o(.text)
    TIM8_UP_TIM13_IRQHandler                 0x0800028b   Thumb Code     0  startup_ctboard.o(.text)
    UART4_IRQHandler                         0x0800028b   Thumb Code     0  startup_ctboard.o(.text)
    UART5_IRQHandler                         0x0800028b   Thumb Code     0  startup_ctboard.o(.text)
    UART7_IRQHandler                         0x0800028b   Thumb Code     0  startup_ctboard.o(.text)
    UART8_IRQHandler                         0x0800028b   Thumb Code     0  startup_ctboard.o(.text)
    USART1_IRQHandler                        0x0800028b   Thumb Code     0  startup_ctboard.o(.text)
    USART2_IRQHandler                        0x0800028b   Thumb Code     0  startup_ctboard.o(.text)
    USART3_IRQHandler                        0x0800028b   Thumb Code     0  startup_ctboard.o(.text)
    USART6_IRQHandler                        0x0800028b   Thumb Code     0  startup_ctboard.o(.text)
    WWDG_IRQHandler                          0x0800028b   Thumb Code     0  startup_ctboard.o(.text)
    __2snprintf                              0x08000295   Thumb Code    54  __2snprintf.o(.text)
    __printf                                 0x080002d1   Thumb Code   108  __printf.o(.text)
    _printf_int_dec                          0x0800033d   Thumb Code    90  _printf_dec.o(.text)
    __aeabi_uidiv                            0x080003a9   Thumb Code     0  aeabi_sdiv.o(.text)
    __aeabi_uidivmod                         0x080003a9   Thumb Code    20  aeabi_sdiv.o(.text)
    __aeabi_idiv                             0x080003bd   Thumb Code     0  aeabi_sdiv.o(.text)
    __aeabi_idivmod                          0x080003bd   Thumb Code   326  aeabi_sdiv.o(.text)
    _printf_int_common                       0x08000503   Thumb Code   176  _printf_intcommon.o(.text)
    _printf_char_common                      0x080005bf   Thumb Code    32  _printf_char_common.o(.text)
    _sputc                                   0x080005e5   Thumb Code    10  _sputc.o(.text)
    _snputc                                  0x080005ef   Thumb Code    16  _snputc.o(.text)
    __rt_udiv10                              0x080005ff   Thumb Code    40  rtudiv10.o(.text)
    TIM3_IRQHandler                          0x08000629   Thumb Code   406  action_handler.o(i.TIM3_IRQHandler)
    TIM4_IRQHandler                          0x08000821   Thumb Code    42  timer.o(i.TIM4_IRQHandler)
    __ARM_common_switch8                     0x08000855   Thumb Code    28  state_machine.o(i.__ARM_common_switch8)
    __system                                 0x08000871   Thumb Code     8  system_ctboard.o(i.__system)
    action_handler_init                      0x08000879   Thumb Code    58  action_handler.o(i.action_handler_init)
    ah_door                                  0x080008bd   Thumb Code   154  action_handler.o(i.ah_door)
    ah_motor                                 0x080009b9   Thumb Code    76  action_handler.o(i.ah_motor)
    ah_show_exception                        0x08000a35   Thumb Code   106  action_handler.o(i.ah_show_exception)
    ah_show_state                            0x08000abd   Thumb Code    22  action_handler.o(i.ah_show_state)
    eh_get_event                             0x08000bb9   Thumb Code   288  event_handler.o(i.eh_get_event)
    fsm_handle_event                         0x08000d01   Thumb Code   394  state_machine.o(i.fsm_handle_event)
    fsm_init                                 0x08000efd   Thumb Code    22  state_machine.o(i.fsm_init)
    hal_ct_lcd_write                         0x080010c1   Thumb Code    38  hal_ct_lcd.o(i.hal_ct_lcd_write)
    hal_fmc_init_sram                        0x080010ed   Thumb Code   412  hal_fmc.o(i.hal_fmc_init_sram)
    hal_gpio_init_alternate                  0x08001289   Thumb Code   130  hal_gpio.o(i.hal_gpio_init_alternate)
    hal_gpio_init_output                     0x0800130b   Thumb Code   152  hal_gpio.o(i.hal_gpio_init_output)
    hal_pwr_set_overdrive                    0x080013a3   Thumb Code     6  hal_pwr.o(i.hal_pwr_set_overdrive)
    hal_rcc_reset                            0x080013a9   Thumb Code   138  hal_rcc.o(i.hal_rcc_reset)
    hal_rcc_set_osc                          0x08001451   Thumb Code   148  hal_rcc.o(i.hal_rcc_set_osc)
    hal_rcc_setup_clock                      0x080014e9   Thumb Code   132  hal_rcc.o(i.hal_rcc_setup_clock)
    hal_rcc_setup_pll                        0x08001575   Thumb Code   314  hal_rcc.o(i.hal_rcc_setup_pll)
    hal_timer_init_base                      0x080016bd   Thumb Code   104  hal_timer.o(i.hal_timer_init_base)
    hal_timer_irq_clear                      0x08001729   Thumb Code     8  hal_timer.o(i.hal_timer_irq_clear)
    hal_timer_irq_set                        0x08001731   Thumb Code   122  hal_timer.o(i.hal_timer_irq_set)
    hal_timer_irq_status                     0x080017b1   Thumb Code    28  hal_timer.o(i.hal_timer_irq_status)
    hal_timer_start                          0x080017cd   Thumb Code    10  hal_timer.o(i.hal_timer_start)
    main                                     0x080019ed   Thumb Code    28  main.o(i.main)
    system_enter_run                         0x08001a09   Thumb Code    20  system_ctboard.o(i.system_enter_run)
    timer_init                               0x08001a1d   Thumb Code    58  timer.o(i.timer_init)
    timer_read                               0x08001a65   Thumb Code     6  timer.o(i.timer_read)
    timer_start                              0x08001a71   Thumb Code     6  timer.o(i.timer_start)
    Image$$RO$$Limit                         0x08001a7c   Number         0  anon$$obj.o ABSOLUTE
    Image$$RW$$Base                          0x20000000   Number         0  anon$$obj.o ABSOLUTE
    flag_F0_Reached                          0x2000001e   Data           1  event_handler.o(.data)
    flag_F1_Reached                          0x2000001f   Data           1  event_handler.o(.data)
    Image$$ZI$$Base                          0x20000030   Number         0  anon$$obj.o ABSOLUTE
    Stack_Mem                                0x20000030   Data        8192  startup_ctboard.o(STACK)
    Image$$ZI$$Limit                         0x20002030   Number         0  anon$$obj.o ABSOLUTE



==============================================================================

Memory Map of the image

  Image Entry point : 0x08000271

  Load Region LR_1 (Base: 0x08000000, Size: 0x00001aac, Max: 0xffffffff, ABSOLUTE)

    Execution Region ER_RO (Exec base: 0x08000000, Load base: 0x08000000, Size: 0x00001a7c, Max: 0xffffffff, ABSOLUTE)

    Exec Addr    Load Addr    Size         Type   Attr      Idx    E Section Name        Object

    0x08000000   0x08000000   0x000001ac   Data   RO          205    RESET               startup_ctboard.o
    0x080001ac   0x080001ac   0x00000002   Code   RO          674    .ARM.Collect$$_printf_percent$$00000000  c_p.l(_printf_percent.o)
    0x080001ae   0x080001ae   0x0000000a   Code   RO          673    .ARM.Collect$$_printf_percent$$0000000A  c_p.l(_printf_u.o)
    0x080001b8   0x080001b8   0x00000004   Code   RO          695    .ARM.Collect$$_printf_percent$$00000017  c_p.l(_printf_percent_end.o)
    0x080001bc   0x080001bc   0x00000038   Code   RO          675    .emb_text           c_p.l(rt_memcpy.o)
    0x080001f4   0x080001f4   0x0000007c   Code   RO          198    .text               datainit_ctboard.o
    0x08000270   0x08000270   0x00000024   Code   RO          206  * .text               startup_ctboard.o
    0x08000294   0x08000294   0x0000003c   Code   RO          645    .text               c_p.l(__2snprintf.o)
    0x080002d0   0x080002d0   0x0000006c   Code   RO          649    .text               c_p.l(__printf.o)
    0x0800033c   0x0800033c   0x0000006c   Code   RO          651    .text               c_p.l(_printf_dec.o)
    0x080003a8   0x080003a8   0x0000015a   Code   RO          679    .text               c_p.l(aeabi_sdiv.o)
    0x08000502   0x08000502   0x000000b0   Code   RO          687    .text               c_p.l(_printf_intcommon.o)
    0x080005b2   0x080005b2   0x00000002   PAD
    0x080005b4   0x080005b4   0x00000030   Code   RO          689    .text               c_p.l(_printf_char_common.o)
    0x080005e4   0x080005e4   0x0000000a   Code   RO          691    .text               c_p.l(_sputc.o)
    0x080005ee   0x080005ee   0x00000010   Code   RO          693    .text               c_p.l(_snputc.o)
    0x080005fe   0x080005fe   0x00000028   Code   RO          696    .text               c_p.l(rtudiv10.o)
    0x08000626   0x08000626   0x00000002   PAD
    0x08000628   0x08000628   0x000001f8   Code   RO            1    i.TIM3_IRQHandler   action_handler.o
    0x08000820   0x08000820   0x00000034   Code   RO          160    i.TIM4_IRQHandler   timer.o
    0x08000854   0x08000854   0x0000001c   Code   RO          155    i.__ARM_common_switch8  state_machine.o
    0x08000870   0x08000870   0x00000008   Code   RO          210    i.__system          system_ctboard.o
    0x08000878   0x08000878   0x00000044   Code   RO            2    i.action_handler_init  action_handler.o
    0x080008bc   0x080008bc   0x000000fc   Code   RO            3    i.ah_door           action_handler.o
    0x080009b8   0x080009b8   0x0000007c   Code   RO            4    i.ah_motor          action_handler.o
    0x08000a34   0x08000a34   0x00000088   Code   RO            5    i.ah_show_exception  action_handler.o
    0x08000abc   0x08000abc   0x00000030   Code   RO            6    i.ah_show_state     action_handler.o
    0x08000aec   0x08000aec   0x0000005c   Code   RO          326    i.create_pattern_mask  hal_gpio.o
    0x08000b48   0x08000b48   0x00000070   Code   RO           81    i.eh_7seg_display   event_handler.o
    0x08000bb8   0x08000bb8   0x00000148   Code   RO           82    i.eh_get_event      event_handler.o
    0x08000d00   0x08000d00   0x000001fc   Code   RO          138    i.fsm_handle_event  state_machine.o
    0x08000efc   0x08000efc   0x00000028   Code   RO          139    i.fsm_init          state_machine.o
    0x08000f24   0x08000f24   0x0000019c   Code   RO          516    i.get_irq_param     hal_timer.o
    0x080010c0   0x080010c0   0x0000002c   Code   RO          286    i.hal_ct_lcd_write  hal_ct_lcd.o
    0x080010ec   0x080010ec   0x0000019c   Code   RO          308    i.hal_fmc_init_sram  hal_fmc.o
    0x08001288   0x08001288   0x00000082   Code   RO          331    i.hal_gpio_init_alternate  hal_gpio.o
    0x0800130a   0x0800130a   0x00000098   Code   RO          334    i.hal_gpio_init_output  hal_gpio.o
    0x080013a2   0x080013a2   0x00000006   Code   RO          435    i.hal_pwr_set_overdrive  hal_pwr.o
    0x080013a8   0x080013a8   0x000000a8   Code   RO          479    i.hal_rcc_reset     hal_rcc.o
    0x08001450   0x08001450   0x00000098   Code   RO          480    i.hal_rcc_set_osc   hal_rcc.o
    0x080014e8   0x080014e8   0x0000008c   Code   RO          482    i.hal_rcc_setup_clock  hal_rcc.o
    0x08001574   0x08001574   0x00000148   Code   RO          483    i.hal_rcc_setup_pll  hal_rcc.o
    0x080016bc   0x080016bc   0x0000006c   Code   RO          522    i.hal_timer_init_base  hal_timer.o
    0x08001728   0x08001728   0x00000008   Code   RO          526    i.hal_timer_irq_clear  hal_timer.o
    0x08001730   0x08001730   0x00000080   Code   RO          527    i.hal_timer_irq_set  hal_timer.o
    0x080017b0   0x080017b0   0x0000001c   Code   RO          528    i.hal_timer_irq_status  hal_timer.o
    0x080017cc   0x080017cc   0x0000000a   Code   RO          532    i.hal_timer_start   hal_timer.o
    0x080017d6   0x080017d6   0x00000002   PAD
    0x080017d8   0x080017d8   0x00000128   Code   RO          211    i.init_FMC_SRAM     system_ctboard.o
    0x08001900   0x08001900   0x00000002   Code   RO          212    i.init_FPU          system_ctboard.o
    0x08001902   0x08001902   0x00000002   PAD
    0x08001904   0x08001904   0x00000010   Code   RO          213    i.init_LCD          system_ctboard.o
    0x08001914   0x08001914   0x000000b8   Code   RO          214    i.init_SystemClock  system_ctboard.o
    0x080019cc   0x080019cc   0x00000020   Code   RO          342    i.intercept_overwrite_register  hal_gpio.o
    0x080019ec   0x080019ec   0x0000001c   Code   RO          123    i.main              main.o
    0x08001a08   0x08001a08   0x00000014   Code   RO          215    i.system_enter_run  system_ctboard.o
    0x08001a1c   0x08001a1c   0x00000048   Code   RO          161    i.timer_init        timer.o
    0x08001a64   0x08001a64   0x0000000c   Code   RO          162    i.timer_read        timer.o
    0x08001a70   0x08001a70   0x0000000c   Code   RO          163    i.timer_start       timer.o


    Execution Region ER_RW (Exec base: 0x20000000, Load base: 0x08001a7c, Size: 0x00000030, Max: 0xffffffff, ABSOLUTE)

    Exec Addr    Load Addr    Size         Type   Attr      Idx    E Section Name        Object

    0x20000000   0x08001a7c   0x00000018   Data   RW            8    .data               action_handler.o
    0x20000018   0x08001a94   0x00000012   Data   RW           85    .data               event_handler.o
    0x2000002a   0x08001aa6   0x00000001   Data   RW          140    .data               state_machine.o
    0x2000002b   0x08001aa7   0x00000001   PAD
    0x2000002c   0x08001aa8   0x00000002   Data   RW          165    .data               timer.o


    Execution Region ER_ZI (Exec base: 0x20000030, Load base: 0x08001aac, Size: 0x00002000, Max: 0xffffffff, ABSOLUTE)

    Exec Addr    Load Addr    Size         Type   Attr      Idx    E Section Name        Object

    0x20000030        -       0x00002000   Zero   RW          203    STACK               startup_ctboard.o


==============================================================================

Image component sizes


      Code (inc. data)   RO Data    RW Data    ZI Data      Debug   Object Name

      1132        310          0         24          0      48295   action_handler.o
       124         50          0          0          0        472   datainit_ctboard.o
       440         62          0         18          0       3841   event_handler.o
        44          6          0          0          0        631   hal_ct_lcd.o
       412          0          0          0          0        928   hal_fmc.o
       406         10          0          0          0       3149   hal_gpio.o
         6          0          0          0          0        544   hal_pwr.o
       788         56          0          0          0       2604   hal_rcc.o
       694         62          0          0          0       4397   hal_timer.o
        28          0          0          0          0        483   main.o
        36          8        428          0       8192        840   startup_ctboard.o
       576        142          0          1          0       2450   state_machine.o
       526         50          0          0          0       7738   system_ctboard.o
       148         36          0          2          0       2006   timer.o

    ----------------------------------------------------------------------
      5364        792        428         48       8192      78378   Object Totals
         0          0          0          0          0          0   (incl. Generated)
         4          0          0          3          0          0   (incl. Padding)

    ----------------------------------------------------------------------

      Code (inc. data)   RO Data    RW Data    ZI Data      Debug   Library Member Name

        60          6          0          0          0         92   __2snprintf.o
       108          0          0          0          0         76   __printf.o
        48          6          0          0          0         88   _printf_char_common.o
       108         18          0          0          0         76   _printf_dec.o
       176          0          0          0          0         84   _printf_intcommon.o
         2          0          0          0          0          0   _printf_percent.o
         4          0          0          0          0          0   _printf_percent_end.o
        10          0          0          0          0          0   _printf_u.o
        16          0          0          0          0         60   _snputc.o
        10          0          0          0          0         60   _sputc.o
       346          0          0          0          0         92   aeabi_sdiv.o
        56          0          0          0          0         68   rt_memcpy.o
        40          0          0          0          0         60   rtudiv10.o

    ----------------------------------------------------------------------
       988         30          0          0          0        756   Library Totals
         4          0          0          0          0          0   (incl. Padding)

    ----------------------------------------------------------------------

      Code (inc. data)   RO Data    RW Data    ZI Data      Debug   Library Name

       984         30          0          0          0        756   c_p.l

    ----------------------------------------------------------------------
       988         30          0          0          0        756   Library Totals

    ----------------------------------------------------------------------

==============================================================================


      Code (inc. data)   RO Data    RW Data    ZI Data      Debug   

      6352        822        428         48       8192      77086   Grand Totals
      6352        822        428         48       8192      77086   ELF Image Totals
      6352        822        428         48          0          0   ROM Totals

==============================================================================

    Total RO  Size (Code + RO Data)                 6780 (   6.62kB)
    Total RW  Size (RW Data + ZI Data)              8240 (   8.05kB)
    Total ROM Size (Code + RO Data + RW Data)       6828 (   6.67kB)

==============================================================================

