Component: ARM Compiler 5.06 update 7 (build 960) Tool: armlink [4d3601]

==============================================================================

Section Cross References

    main.o(i.main) refers to cache.o(i.init_cache) for init_cache
    main.o(i.main) refers to simulation.o(i.debug_line_out) for debug_line_out
    main.o(i.main) refers to main.o(i.run_simulation) for run_simulation
    main.o(i.main) refers to cache.o(i.get_cache_result) for get_cache_result
    main.o(i.main) refers to simulation.o(i.print_results) for print_results
    main.o(i.run_simulation) refers to arrays.o(i.a_equals_b_plus_c) for a_equals_b_plus_c
    arrays.o(i.a_equals_b_plus_c) refers to arrays.o(i.read_b) for read_b
    arrays.o(i.a_equals_b_plus_c) refers to arrays.o(i.read_c) for read_c
    arrays.o(i.a_equals_b_plus_c) refers to arrays.o(i.write_a) for write_a
    arrays.o(i.display_result) refers to _printf_percent.o(.ARM.Collect$$_printf_percent$$00000000) for _printf_percent
    arrays.o(i.display_result) refers to _printf_x.o(.ARM.Collect$$_printf_percent$$0000000C) for _printf_x
    arrays.o(i.display_result) refers to _printf_hex_int.o(.text) for _printf_longlong_hex
    arrays.o(i.display_result) refers to simulation.o(i.button2_pressed) for button2_pressed
    arrays.o(i.display_result) refers to simulation.o(i.button1_pressed) for button1_pressed
    arrays.o(i.display_result) refers to noretval__2sprintf.o(.text) for __2sprintf
    arrays.o(i.display_result) refers to strcat.o(.text) for strcat
    arrays.o(i.display_result) refers to simulation.o(i.debug_line_out) for debug_line_out
    arrays.o(i.display_result) refers to simulation.o(i.delay) for delay
    arrays.o(i.get_item_address) refers to _printf_percent.o(.ARM.Collect$$_printf_percent$$00000000) for _printf_percent
    arrays.o(i.get_item_address) refers to _printf_d.o(.ARM.Collect$$_printf_percent$$00000009) for _printf_d
    arrays.o(i.get_item_address) refers to _printf_dec.o(.text) for _printf_int_dec
    arrays.o(i.get_item_address) refers to noretval__2sprintf.o(.text) for __2sprintf
    arrays.o(i.get_item_address) refers to simulation.o(i.debug_line_out) for debug_line_out
    arrays.o(i.read_b) refers to arrays.o(i.get_item_address) for get_item_address
    arrays.o(i.read_b) refers to cache.o(i.access_cache) for access_cache
    arrays.o(i.read_b) refers to arrays.o(i.display_result) for display_result
    arrays.o(i.read_c) refers to arrays.o(i.get_item_address) for get_item_address
    arrays.o(i.read_c) refers to cache.o(i.access_cache) for access_cache
    arrays.o(i.read_c) refers to arrays.o(i.display_result) for display_result
    arrays.o(i.write_a) refers to arrays.o(i.get_item_address) for get_item_address
    arrays.o(i.write_a) refers to cache.o(i.access_cache) for access_cache
    arrays.o(i.write_a) refers to arrays.o(i.display_result) for display_result
    cache.o(i.access_cache) refers to cache.o(.bss) for block_lines
    cache.o(i.access_cache) refers to cache.o(.data) for hit_miss
    cache.o(i.get_cache_result) refers to cache.o(.data) for hit_miss
    cache.o(i.init_cache) refers to cache.o(.bss) for block_lines
    cache.o(i.init_cache) refers to cache.o(.data) for hit_miss
    simulation.o(i.debug_line_out) refers to hal_ct_lcd.o(i.hal_ct_lcd_clear) for hal_ct_lcd_clear
    simulation.o(i.debug_line_out) refers to hal_ct_lcd.o(i.hal_ct_lcd_color) for hal_ct_lcd_color
    simulation.o(i.debug_line_out) refers to hal_ct_lcd.o(i.hal_ct_lcd_write) for hal_ct_lcd_write
    simulation.o(i.delay) refers to simulation.o(.data) for delay_multiplier
    simulation.o(i.print_results) refers to _printf_pad.o(.text) for _printf_pre_padding
    simulation.o(i.print_results) refers to _printf_percent.o(.ARM.Collect$$_printf_percent$$00000000) for _printf_percent
    simulation.o(i.print_results) refers to _printf_d.o(.ARM.Collect$$_printf_percent$$00000009) for _printf_d
    simulation.o(i.print_results) refers to _printf_dec.o(.text) for _printf_int_dec
    simulation.o(i.print_results) refers to noretval__2sprintf.o(.text) for __2sprintf
    simulation.o(i.print_results) refers to simulation.o(i.debug_line_out) for debug_line_out
    datainit_ctboard.o(.text) refers (Weak) to startup_ctboard.o(STACK) for Stack_Mem
    datainit_ctboard.o(.text) refers to main.o(i.main) for main
    startup_ctboard.o(RESET) refers to startup_ctboard.o(STACK) for __initial_sp
    startup_ctboard.o(RESET) refers to startup_ctboard.o(.text) for Reset_Handler
    startup_ctboard.o(.text) refers to system_ctboard.o(i.__system) for __system
    startup_ctboard.o(.text) refers to datainit_ctboard.o(.text) for __main
    system_ctboard.o(i.__system) refers to system_ctboard.o(i.system_enter_run) for system_enter_run
    system_ctboard.o(i.init_FMC_SRAM) refers to hal_gpio.o(i.hal_gpio_init_alternate) for hal_gpio_init_alternate
    system_ctboard.o(i.init_FMC_SRAM) refers to hal_fmc.o(i.hal_fmc_init_sram) for hal_fmc_init_sram
    system_ctboard.o(i.init_SystemClock) refers to hal_rcc.o(i.hal_rcc_reset) for hal_rcc_reset
    system_ctboard.o(i.init_SystemClock) refers to hal_rcc.o(i.hal_rcc_set_osc) for hal_rcc_set_osc
    system_ctboard.o(i.init_SystemClock) refers to hal_rcc.o(i.hal_rcc_setup_pll) for hal_rcc_setup_pll
    system_ctboard.o(i.init_SystemClock) refers to hal_pwr.o(i.hal_pwr_set_overdrive) for hal_pwr_set_overdrive
    system_ctboard.o(i.init_SystemClock) refers to hal_rcc.o(i.hal_rcc_setup_clock) for hal_rcc_setup_clock
    system_ctboard.o(i.system_enter_run) refers to system_ctboard.o(i.init_SystemClock) for init_SystemClock
    system_ctboard.o(i.system_enter_run) refers to system_ctboard.o(i.init_FPU) for init_FPU
    system_ctboard.o(i.system_enter_run) refers to system_ctboard.o(i.init_FMC_SRAM) for init_FMC_SRAM
    system_ctboard.o(i.system_enter_run) refers to system_ctboard.o(i.init_LCD) for init_LCD
    hal_ct_lcd.o(i.hal_ct_lcd_clear) refers to hal_ct_lcd.o(i.hal_ct_lcd_write) for hal_ct_lcd_write
    hal_ct_seg7.o(i.hal_ct_seg7_get_seg7) refers to hal_ct_seg7.o(.constdata) for conv_tab
    hal_gpio.o(i.hal_gpio_bit_reset) refers to hal_gpio.o(i.intercept_overwrite_register) for intercept_overwrite_register
    hal_gpio.o(i.hal_gpio_bit_set) refers to hal_gpio.o(i.intercept_overwrite_register) for intercept_overwrite_register
    hal_gpio.o(i.hal_gpio_bit_toggle) refers to hal_gpio.o(i.intercept_overwrite_register) for intercept_overwrite_register
    hal_gpio.o(i.hal_gpio_bit_toggle) refers to hal_gpio.o(i.hal_gpio_output_read) for hal_gpio_output_read
    hal_gpio.o(i.hal_gpio_init_alternate) refers to hal_gpio.o(i.hal_gpio_init_output) for hal_gpio_init_output
    hal_gpio.o(i.hal_gpio_init_alternate) refers to hal_gpio.o(i.create_pattern_mask) for create_pattern_mask
    hal_gpio.o(i.hal_gpio_init_analog) refers to hal_gpio.o(i.hal_gpio_init_input) for hal_gpio_init_input
    hal_gpio.o(i.hal_gpio_init_analog) refers to hal_gpio.o(i.create_pattern_mask) for create_pattern_mask
    hal_gpio.o(i.hal_gpio_init_input) refers to hal_gpio.o(i.intercept_overwrite_register) for intercept_overwrite_register
    hal_gpio.o(i.hal_gpio_init_input) refers to hal_gpio.o(i.create_pattern_mask) for create_pattern_mask
    hal_gpio.o(i.hal_gpio_init_output) refers to hal_gpio.o(i.intercept_overwrite_register) for intercept_overwrite_register
    hal_gpio.o(i.hal_gpio_init_output) refers to hal_gpio.o(i.create_pattern_mask) for create_pattern_mask
    hal_gpio.o(i.hal_gpio_irq_set) refers to hal_gpio.o(i.get_syscfg_mask) for get_syscfg_mask
    hal_gpio.o(i.hal_gpio_output_write) refers to hal_gpio.o(i.intercept_overwrite_register) for intercept_overwrite_register
    hal_timer.o(i.hal_timer_init_input) refers to hal_timer.o(i.set_channel_ccreg) for set_channel_ccreg
    hal_timer.o(i.hal_timer_init_input) refers to hal_timer.o(i.set_channel_polarity) for set_channel_polarity
    hal_timer.o(i.hal_timer_init_input) refers to hal_timer.o(i.hal_timer_channel_set) for hal_timer_channel_set
    hal_timer.o(i.hal_timer_init_output) refers to hal_timer.o(i.set_channel_ccreg) for set_channel_ccreg
    hal_timer.o(i.hal_timer_init_output) refers to hal_timer.o(i.set_channel_polarity) for set_channel_polarity
    hal_timer.o(i.hal_timer_init_output) refers to hal_timer.o(i.hal_timer_channel_set) for hal_timer_channel_set
    hal_timer.o(i.hal_timer_init_output) refers to hal_timer.o(i.hal_timer_compare_write) for hal_timer_compare_write
    hal_timer.o(i.hal_timer_init_output) refers to hal_timer.o(i.adv_main_output_set) for adv_main_output_set
    hal_timer.o(i.hal_timer_irq_set) refers to hal_timer.o(i.get_irq_param) for get_irq_param
    hal_timer.o(i.hal_timer_reset) refers to hal_timer.o(i.get_irq_param) for get_irq_param
    __2sprintf.o(.text) refers to _printf_char_common.o(.text) for _printf_char_common
    __2sprintf.o(.text) refers to _sputc.o(.text) for _sputc
    noretval__2sprintf.o(.text) refers to _printf_char_common.o(.text) for _printf_char_common
    noretval__2sprintf.o(.text) refers to _sputc.o(.text) for _sputc
    __printf.o(.text) refers to _printf_percent.o(.ARM.Collect$$_printf_percent$$00000000) for _printf_percent
    _printf_dec.o(.text) refers to _printf_intcommon.o(.text) for _printf_int_common
    _printf_hex_ll.o(.text) refers to _printf_intcommon.o(.text) for _printf_int_common
    _printf_hex_ll.o(.text) refers to _printf_hex_ll.o(.constdata) for .constdata
    _printf_hex_int.o(.text) refers to _printf_intcommon.o(.text) for _printf_int_common
    _printf_hex_int.o(.text) refers to _printf_hex_int.o(.constdata) for .constdata
    _printf_hex_int_ll.o(.text) refers to _printf_intcommon.o(.text) for _printf_int_common
    _printf_hex_int_ll.o(.text) refers to _printf_hex_int_ll.o(.constdata) for .constdata
    _printf_hex_ptr.o(.text) refers to _printf_intcommon.o(.text) for _printf_int_common
    _printf_hex_ptr.o(.text) refers to _printf_hex_ptr.o(.constdata) for .constdata
    _printf_hex_int_ptr.o(.text) refers to _printf_intcommon.o(.text) for _printf_int_common
    _printf_hex_int_ptr.o(.text) refers to _printf_hex_int_ptr.o(.constdata) for .constdata
    _printf_hex_ll_ptr.o(.text) refers to _printf_intcommon.o(.text) for _printf_int_common
    _printf_hex_ll_ptr.o(.text) refers to _printf_hex_ll_ptr.o(.constdata) for .constdata
    _printf_hex_int_ll_ptr.o(.text) refers to _printf_intcommon.o(.text) for _printf_int_common
    _printf_hex_int_ll_ptr.o(.text) refers to _printf_hex_int_ll_ptr.o(.constdata) for .constdata
    __printf_flags.o(.text) refers to _printf_percent.o(.ARM.Collect$$_printf_percent$$00000000) for _printf_percent
    __printf_flags.o(.text) refers to __printf_flags.o(.constdata) for .constdata
    __printf_ss.o(.text) refers to _printf_percent.o(.ARM.Collect$$_printf_percent$$00000000) for _printf_percent
    __printf_flags_ss.o(.text) refers to _printf_percent.o(.ARM.Collect$$_printf_percent$$00000000) for _printf_percent
    __printf_flags_ss.o(.text) refers to __printf_flags_ss.o(.constdata) for .constdata
    __printf_wp.o(.text) refers to __printf_wp.o(i._is_digit) for _is_digit
    __printf_wp.o(.text) refers to _printf_percent.o(.ARM.Collect$$_printf_percent$$00000000) for _printf_percent
    __printf_flags_wp.o(.text) refers to __printf_wp.o(i._is_digit) for _is_digit
    __printf_flags_wp.o(.text) refers to _printf_percent.o(.ARM.Collect$$_printf_percent$$00000000) for _printf_percent
    __printf_flags_wp.o(.text) refers to __printf_flags_wp.o(.constdata) for .constdata
    __printf_ss_wp.o(.text) refers to __printf_wp.o(i._is_digit) for _is_digit
    __printf_ss_wp.o(.text) refers to _printf_percent.o(.ARM.Collect$$_printf_percent$$00000000) for _printf_percent
    __printf_flags_ss_wp.o(.text) refers to __printf_wp.o(i._is_digit) for _is_digit
    __printf_flags_ss_wp.o(.text) refers to _printf_percent.o(.ARM.Collect$$_printf_percent$$00000000) for _printf_percent
    __printf_flags_ss_wp.o(.text) refers to __printf_flags_ss_wp.o(.constdata) for .constdata
    _printf_x.o(.ARM.Collect$$_printf_percent$$0000000C) refers (Weak) to _printf_hex_int.o(.text) for _printf_int_hex
    _printf_d.o(.ARM.Collect$$_printf_percent$$00000009) refers (Weak) to _printf_dec.o(.text) for _printf_int_dec
    _printf_percent.o(.ARM.Collect$$_printf_percent$$00000000) refers (Special) to _printf_percent_end.o(.ARM.Collect$$_printf_percent$$00000017) for _printf_percent_end
    _printf_intcommon.o(.text) refers (Weak) to _printf_pad.o(.text) for _printf_pre_padding
    _printf_intcommon.o(.text) refers (Weak) to _printf_pad.o(.text) for _printf_pre_padding
    _printf_intcommon.o(.text) refers (Weak) to _printf_pad.o(.text) for _printf_post_padding
    _printf_char_common.o(.text) refers to __printf_wp.o(.text) for __printf


==============================================================================

Removing Unused input sections from the image.

    Removing startup_ctboard.o(HEAP), (2048 bytes).
    Removing system_ctboard.o(i.system_enter_sleep), (2 bytes).
    Removing system_ctboard.o(i.system_enter_standby), (2 bytes).
    Removing system_ctboard.o(i.system_enter_stop), (2 bytes).
    Removing hal_ct_seg7.o(i.hal_ct_seg7_bin_write), (12 bytes).
    Removing hal_ct_seg7.o(i.hal_ct_seg7_clear), (24 bytes).
    Removing hal_ct_seg7.o(i.hal_ct_seg7_clear_all), (16 bytes).
    Removing hal_ct_seg7.o(i.hal_ct_seg7_dot_clear), (24 bytes).
    Removing hal_ct_seg7.o(i.hal_ct_seg7_dot_set), (24 bytes).
    Removing hal_ct_seg7.o(i.hal_ct_seg7_get_bcd), (34 bytes).
    Removing hal_ct_seg7.o(i.hal_ct_seg7_get_seg7), (20 bytes).
    Removing hal_ct_seg7.o(i.hal_ct_seg7_raw_write), (64 bytes).
    Removing hal_ct_seg7.o(.constdata), (16 bytes).
    Removing hal_fmc.o(i.hal_fmc_reset), (92 bytes).
    Removing hal_gpio.o(i.get_syscfg_mask), (148 bytes).
    Removing hal_gpio.o(i.hal_gpio_bit_reset), (24 bytes).
    Removing hal_gpio.o(i.hal_gpio_bit_set), (22 bytes).
    Removing hal_gpio.o(i.hal_gpio_bit_toggle), (36 bytes).
    Removing hal_gpio.o(i.hal_gpio_init_analog), (50 bytes).
    Removing hal_gpio.o(i.hal_gpio_init_input), (94 bytes).
    Removing hal_gpio.o(i.hal_gpio_input_read), (8 bytes).
    Removing hal_gpio.o(i.hal_gpio_irq_clear), (16 bytes).
    Removing hal_gpio.o(i.hal_gpio_irq_set), (584 bytes).
    Removing hal_gpio.o(i.hal_gpio_irq_status), (32 bytes).
    Removing hal_gpio.o(i.hal_gpio_output_read), (8 bytes).
    Removing hal_gpio.o(i.hal_gpio_output_write), (20 bytes).
    Removing hal_gpio.o(i.hal_gpio_reset), (76 bytes).
    Removing hal_pwr.o(i.hal_pwr_reset), (20 bytes).
    Removing hal_pwr.o(i.hal_pwr_set_backup_access), (36 bytes).
    Removing hal_pwr.o(i.hal_pwr_set_backup_domain), (84 bytes).
    Removing hal_pwr.o(i.hal_pwr_set_flash_powerdown), (36 bytes).
    Removing hal_pwr.o(i.hal_pwr_set_underdrive), (6 bytes).
    Removing hal_pwr.o(i.hal_pwr_set_wakeup_pin), (36 bytes).
    Removing hal_rcc.o(i.hal_rcc_set_peripheral), (232 bytes).
    Removing hal_timer.o(i.adv_main_output_set), (24 bytes).
    Removing hal_timer.o(i.get_irq_param), (412 bytes).
    Removing hal_timer.o(i.hal_timer_channel_set), (48 bytes).
    Removing hal_timer.o(i.hal_timer_compare_read), (84 bytes).
    Removing hal_timer.o(i.hal_timer_compare_write), (84 bytes).
    Removing hal_timer.o(i.hal_timer_counter_read), (24 bytes).
    Removing hal_timer.o(i.hal_timer_dma_set), (20 bytes).
    Removing hal_timer.o(i.hal_timer_init_base), (104 bytes).
    Removing hal_timer.o(i.hal_timer_init_clock), (86 bytes).
    Removing hal_timer.o(i.hal_timer_init_input), (62 bytes).
    Removing hal_timer.o(i.hal_timer_init_output), (88 bytes).
    Removing hal_timer.o(i.hal_timer_irq_clear), (8 bytes).
    Removing hal_timer.o(i.hal_timer_irq_set), (136 bytes).
    Removing hal_timer.o(i.hal_timer_irq_status), (20 bytes).
    Removing hal_timer.o(i.hal_timer_prescaler_write), (32 bytes).
    Removing hal_timer.o(i.hal_timer_reload_write), (28 bytes).
    Removing hal_timer.o(i.hal_timer_reset), (324 bytes).
    Removing hal_timer.o(i.hal_timer_start), (10 bytes).
    Removing hal_timer.o(i.hal_timer_stop), (10 bytes).
    Removing hal_timer.o(i.set_channel_ccreg), (100 bytes).
    Removing hal_timer.o(i.set_channel_polarity), (46 bytes).

55 unused section(s) (total 5698 bytes) removed from the image.

==============================================================================

Image Symbol Table

    Local Symbols

    Symbol Name                              Value     Ov Type        Size  Object(Section)

    ../clib/misc.s                           0x00000000   Number         0  printf_stubs.o ABSOLUTE
    ../clib/printf.c                         0x00000000   Number         0  noretval__2sprintf.o ABSOLUTE
    ../clib/printf.c                         0x00000000   Number         0  _printf_hex_int.o ABSOLUTE
    ../clib/printf.c                         0x00000000   Number         0  __printf_flags_ss_wp.o ABSOLUTE
    ../clib/printf.c                         0x00000000   Number         0  __printf_ss_wp.o ABSOLUTE
    ../clib/printf.c                         0x00000000   Number         0  __2sprintf.o ABSOLUTE
    ../clib/printf.c                         0x00000000   Number         0  __printf_wp.o ABSOLUTE
    ../clib/printf.c                         0x00000000   Number         0  __printf_flags_wp.o ABSOLUTE
    ../clib/printf.c                         0x00000000   Number         0  __printf_flags_ss.o ABSOLUTE
    ../clib/printf.c                         0x00000000   Number         0  __printf_ss.o ABSOLUTE
    ../clib/printf.c                         0x00000000   Number         0  __printf_flags.o ABSOLUTE
    ../clib/printf.c                         0x00000000   Number         0  _printf_hex_int_ll_ptr.o ABSOLUTE
    ../clib/printf.c                         0x00000000   Number         0  _printf_hex_ll_ptr.o ABSOLUTE
    ../clib/printf.c                         0x00000000   Number         0  _printf_hex_int_ptr.o ABSOLUTE
    ../clib/printf.c                         0x00000000   Number         0  _printf_hex_ptr.o ABSOLUTE
    ../clib/printf.c                         0x00000000   Number         0  __printf_nopercent.o ABSOLUTE
    ../clib/printf.c                         0x00000000   Number         0  _sputc.o ABSOLUTE
    ../clib/printf.c                         0x00000000   Number         0  _printf_char_common.o ABSOLUTE
    ../clib/printf.c                         0x00000000   Number         0  _printf_intcommon.o ABSOLUTE
    ../clib/printf.c                         0x00000000   Number         0  _printf_hex_int_ll.o ABSOLUTE
    ../clib/printf.c                         0x00000000   Number         0  __printf.o ABSOLUTE
    ../clib/printf.c                         0x00000000   Number         0  _printf_hex_ll.o ABSOLUTE
    ../clib/printf.c                         0x00000000   Number         0  _printf_dec.o ABSOLUTE
    ../clib/printf.c                         0x00000000   Number         0  _printf_pad.o ABSOLUTE
    ../clib/printf_percent.s                 0x00000000   Number         0  _printf_percent.o ABSOLUTE
    ../clib/printf_percent.s                 0x00000000   Number         0  _printf_percent_end.o ABSOLUTE
    ../clib/printf_percent.s                 0x00000000   Number         0  _printf_d.o ABSOLUTE
    ../clib/printf_percent.s                 0x00000000   Number         0  _printf_x.o ABSOLUTE
    ../clib/string.c                         0x00000000   Number         0  strcat.o ABSOLUTE
    App\main.c                               0x00000000   Number         0  main.o ABSOLUTE
    RTE\Device\CT_Board_HS14_M4\datainit_ctboard.s 0x00000000   Number         0  datainit_ctboard.o ABSOLUTE
    RTE\Device\CT_Board_HS14_M4\startup_ctboard.s 0x00000000   Number         0  startup_ctboard.o ABSOLUTE
    RTE\Device\CT_Board_HS14_M4\system_ctboard.c 0x00000000   Number         0  system_ctboard.o ABSOLUTE
    RTE\HAL\CT_Board_HS14_M4\hal_ct_lcd.c    0x00000000   Number         0  hal_ct_lcd.o ABSOLUTE
    RTE\HAL\CT_Board_HS14_M4\hal_ct_seg7.c   0x00000000   Number         0  hal_ct_seg7.o ABSOLUTE
    RTE\HAL\CT_Board_HS14_M4\hal_fmc.c       0x00000000   Number         0  hal_fmc.o ABSOLUTE
    RTE\HAL\CT_Board_HS14_M4\hal_gpio.c      0x00000000   Number         0  hal_gpio.o ABSOLUTE
    RTE\HAL\CT_Board_HS14_M4\hal_pwr.c       0x00000000   Number         0  hal_pwr.o ABSOLUTE
    RTE\HAL\CT_Board_HS14_M4\hal_rcc.c       0x00000000   Number         0  hal_rcc.o ABSOLUTE
    RTE\HAL\CT_Board_HS14_M4\hal_timer.c     0x00000000   Number         0  hal_timer.o ABSOLUTE
    app\arrays.c                             0x00000000   Number         0  arrays.o ABSOLUTE
    app\cache.c                              0x00000000   Number         0  cache.o ABSOLUTE
    app\simulation.c                         0x00000000   Number         0  simulation.o ABSOLUTE
    dc.s                                     0x00000000   Number         0  dc.o ABSOLUTE
    RESET                                    0x08000000   Section      428  startup_ctboard.o(RESET)
    .ARM.Collect$$_printf_percent$$00000000  0x080001ac   Section        0  _printf_percent.o(.ARM.Collect$$_printf_percent$$00000000)
    .ARM.Collect$$_printf_percent$$00000009  0x080001ac   Section        6  _printf_d.o(.ARM.Collect$$_printf_percent$$00000009)
    .ARM.Collect$$_printf_percent$$0000000C  0x080001b2   Section        6  _printf_x.o(.ARM.Collect$$_printf_percent$$0000000C)
    .ARM.Collect$$_printf_percent$$00000017  0x080001b8   Section        4  _printf_percent_end.o(.ARM.Collect$$_printf_percent$$00000017)
    .text                                    0x080001bc   Section      124  datainit_ctboard.o(.text)
    $v0                                      0x080001bc   Number         0  datainit_ctboard.o(.text)
    .text                                    0x08000238   Section       36  startup_ctboard.o(.text)
    $v0                                      0x08000238   Number         0  startup_ctboard.o(.text)
    .text                                    0x0800025c   Section        0  noretval__2sprintf.o(.text)
    .text                                    0x08000284   Section        0  _printf_pad.o(.text)
    .text                                    0x080002d4   Section        0  _printf_dec.o(.text)
    .text                                    0x0800034c   Section        0  _printf_hex_int.o(.text)
    .text                                    0x080003a4   Section        0  __printf_wp.o(.text)
    .text                                    0x080004b2   Section        0  strcat.o(.text)
    .text                                    0x080004ca   Section        0  _printf_intcommon.o(.text)
    .text                                    0x0800057c   Section        0  _printf_char_common.o(.text)
    _printf_input_char                       0x0800057d   Thumb Code    10  _printf_char_common.o(.text)
    .text                                    0x080005ac   Section        0  _sputc.o(.text)
    i.__system                               0x080005b6   Section        0  system_ctboard.o(i.__system)
    i._is_digit                              0x080005be   Section        0  __printf_wp.o(i._is_digit)
    i.a_equals_b_plus_c                      0x080005cc   Section        0  arrays.o(i.a_equals_b_plus_c)
    i.access_cache                           0x080005ec   Section        0  cache.o(i.access_cache)
    i.button1_pressed                        0x08000640   Section        0  simulation.o(i.button1_pressed)
    i.button2_pressed                        0x08000650   Section        0  simulation.o(i.button2_pressed)
    i.create_pattern_mask                    0x08000660   Section        0  hal_gpio.o(i.create_pattern_mask)
    create_pattern_mask                      0x08000661   Thumb Code    78  hal_gpio.o(i.create_pattern_mask)
    i.debug_line_out                         0x080006ae   Section        0  simulation.o(i.debug_line_out)
    i.delay                                  0x0800070c   Section        0  simulation.o(i.delay)
    i.display_result                         0x08000720   Section        0  arrays.o(i.display_result)
    i.get_cache_result                       0x080007cc   Section        0  cache.o(i.get_cache_result)
    i.get_item_address                       0x080007d4   Section        0  arrays.o(i.get_item_address)
    i.hal_ct_lcd_clear                       0x08000864   Section        0  hal_ct_lcd.o(i.hal_ct_lcd_clear)
    i.hal_ct_lcd_color                       0x08000890   Section        0  hal_ct_lcd.o(i.hal_ct_lcd_color)
    i.hal_ct_lcd_write                       0x080008bc   Section        0  hal_ct_lcd.o(i.hal_ct_lcd_write)
    i.hal_fmc_init_sram                      0x080008e4   Section        0  hal_fmc.o(i.hal_fmc_init_sram)
    i.hal_gpio_init_alternate                0x08000a84   Section        0  hal_gpio.o(i.hal_gpio_init_alternate)
    i.hal_gpio_init_output                   0x08000b06   Section        0  hal_gpio.o(i.hal_gpio_init_output)
    i.hal_pwr_set_overdrive                  0x08000ba6   Section        0  hal_pwr.o(i.hal_pwr_set_overdrive)
    i.hal_rcc_reset                          0x08000bac   Section        0  hal_rcc.o(i.hal_rcc_reset)
    i.hal_rcc_set_osc                        0x08000c84   Section        0  hal_rcc.o(i.hal_rcc_set_osc)
    i.hal_rcc_setup_clock                    0x08000d10   Section        0  hal_rcc.o(i.hal_rcc_setup_clock)
    i.hal_rcc_setup_pll                      0x08000d9c   Section        0  hal_rcc.o(i.hal_rcc_setup_pll)
    i.init_FMC_SRAM                          0x08000ee4   Section        0  system_ctboard.o(i.init_FMC_SRAM)
    init_FMC_SRAM                            0x08000ee5   Thumb Code   332  system_ctboard.o(i.init_FMC_SRAM)
    i.init_FPU                               0x08001044   Section        0  system_ctboard.o(i.init_FPU)
    init_FPU                                 0x08001045   Thumb Code    14  system_ctboard.o(i.init_FPU)
    i.init_LCD                               0x08001058   Section        0  system_ctboard.o(i.init_LCD)
    init_LCD                                 0x08001059   Thumb Code    14  system_ctboard.o(i.init_LCD)
    i.init_SystemClock                       0x08001068   Section        0  system_ctboard.o(i.init_SystemClock)
    init_SystemClock                         0x08001069   Thumb Code   170  system_ctboard.o(i.init_SystemClock)
    i.init_cache                             0x08001120   Section        0  cache.o(i.init_cache)
    i.intercept_overwrite_register           0x08001144   Section        0  hal_gpio.o(i.intercept_overwrite_register)
    intercept_overwrite_register             0x08001145   Thumb Code    22  hal_gpio.o(i.intercept_overwrite_register)
    i.main                                   0x08001164   Section        0  main.o(i.main)
    i.print_results                          0x080011ac   Section        0  simulation.o(i.print_results)
    i.read_b                                 0x080011ec   Section        0  arrays.o(i.read_b)
    i.read_c                                 0x08001216   Section        0  arrays.o(i.read_c)
    i.run_simulation                         0x08001240   Section        0  main.o(i.run_simulation)
    i.system_enter_run                       0x08001260   Section        0  system_ctboard.o(i.system_enter_run)
    i.write_a                                0x08001274   Section        0  arrays.o(i.write_a)
    .constdata                               0x0800129e   Section       40  _printf_hex_int.o(.constdata)
    uc_hextab                                0x0800129e   Data          20  _printf_hex_int.o(.constdata)
    lc_hextab                                0x080012b2   Data          20  _printf_hex_int.o(.constdata)
    .data                                    0x20000000   Section        4  cache.o(.data)
    hit_miss                                 0x20000000   Data           4  cache.o(.data)
    .data                                    0x20000004   Section        4  simulation.o(.data)
    delay_multiplier                         0x20000004   Data           4  simulation.o(.data)
    .bss                                     0x20000008   Section       32  cache.o(.bss)
    block_lines                              0x20000008   Data          32  cache.o(.bss)
    STACK                                    0x20000028   Section     8192  startup_ctboard.o(STACK)
    __initial_sp                             0x20002028   Data           0  startup_ctboard.o(STACK)

    Global Symbols

    Symbol Name                              Value     Ov Type        Size  Object(Section)

    BuildAttributes$$THM_ISAv4$E$P$D$K$B$S$7EM$VFPi3$EXTD16$VFPS$VFMA$PE$A:L22UL41UL21$X:L11$S22US41US21$IEEE1$IW$USESV6$~STKCKD$USESV7$~SHL$OSPACE$ROPI$EBA8$STANDARDLIB$REQ8$PRES8$EABIv2 0x00000000   Number         0  anon$$obj.o ABSOLUTE
    __ARM_use_no_argv                        0x00000000   Number         0  main.o ABSOLUTE
    _printf_flags                            0x00000000   Number         0  printf_stubs.o ABSOLUTE
    _printf_return_value                     0x00000000   Number         0  printf_stubs.o ABSOLUTE
    _printf_sizespec                         0x00000000   Number         0  printf_stubs.o ABSOLUTE
    _printf_widthprec                        0x00000000   Number         0  printf_stubs.o ABSOLUTE
    Image$$RO$$Limit                          - Undefined Weak Reference
    Image$$RW$$Base                           - Undefined Weak Reference
    Image$$ZI$$Base                           - Undefined Weak Reference
    Image$$ZI$$Limit                          - Undefined Weak Reference
    _printf_truncate_signed                   - Undefined Weak Reference
    _printf_truncate_unsigned                 - Undefined Weak Reference
    __Vectors_Size                           0x000001ac   Number         0  startup_ctboard.o ABSOLUTE
    Stack_Size                               0x00002000   Number         0  startup_ctboard.o ABSOLUTE
    __Vectors                                0x08000000   Data           4  startup_ctboard.o(RESET)
    __Vectors_End                            0x080001ac   Data           0  startup_ctboard.o(RESET)
    _printf_d                                0x080001ad   Thumb Code     0  _printf_d.o(.ARM.Collect$$_printf_percent$$00000009)
    _printf_percent                          0x080001ad   Thumb Code     0  _printf_percent.o(.ARM.Collect$$_printf_percent$$00000000)
    _printf_x                                0x080001b3   Thumb Code     0  _printf_x.o(.ARM.Collect$$_printf_percent$$0000000C)
    _printf_percent_end                      0x080001b9   Thumb Code     0  _printf_percent_end.o(.ARM.Collect$$_printf_percent$$00000017)
    __main                                   0x080001bd   Thumb Code    74  datainit_ctboard.o(.text)
    Reset_Handler                            0x08000239   Thumb Code     8  startup_ctboard.o(.text)
    NMI_Handler                              0x08000241   Thumb Code     2  startup_ctboard.o(.text)
    HardFault_Handler                        0x08000243   Thumb Code     2  startup_ctboard.o(.text)
    MemManage_Handler                        0x08000245   Thumb Code     2  startup_ctboard.o(.text)
    BusFault_Handler                         0x08000247   Thumb Code     2  startup_ctboard.o(.text)
    UsageFault_Handler                       0x08000249   Thumb Code     2  startup_ctboard.o(.text)
    SVC_Handler                              0x0800024b   Thumb Code     2  startup_ctboard.o(.text)
    DebugMon_Handler                         0x0800024d   Thumb Code     2  startup_ctboard.o(.text)
    PendSV_Handler                           0x0800024f   Thumb Code     2  startup_ctboard.o(.text)
    SysTick_Handler                          0x08000251   Thumb Code     2  startup_ctboard.o(.text)
    ADC_IRQHandler                           0x08000253   Thumb Code     0  startup_ctboard.o(.text)
    CAN1_RX0_IRQHandler                      0x08000253   Thumb Code     0  startup_ctboard.o(.text)
    CAN1_RX1_IRQHandler                      0x08000253   Thumb Code     0  startup_ctboard.o(.text)
    CAN1_SCE_IRQHandler                      0x08000253   Thumb Code     0  startup_ctboard.o(.text)
    CAN1_TX_IRQHandler                       0x08000253   Thumb Code     0  startup_ctboard.o(.text)
    CAN2_RX0_IRQHandler                      0x08000253   Thumb Code     0  startup_ctboard.o(.text)
    CAN2_RX1_IRQHandler                      0x08000253   Thumb Code     0  startup_ctboard.o(.text)
    CAN2_SCE_IRQHandler                      0x08000253   Thumb Code     0  startup_ctboard.o(.text)
    CAN2_TX_IRQHandler                       0x08000253   Thumb Code     0  startup_ctboard.o(.text)
    CRYP_IRQHandler                          0x08000253   Thumb Code     0  startup_ctboard.o(.text)
    DCMI_IRQHandler                          0x08000253   Thumb Code     0  startup_ctboard.o(.text)
    DMA1_Stream0_IRQHandler                  0x08000253   Thumb Code     0  startup_ctboard.o(.text)
    DMA1_Stream1_IRQHandler                  0x08000253   Thumb Code     0  startup_ctboard.o(.text)
    DMA1_Stream2_IRQHandler                  0x08000253   Thumb Code     0  startup_ctboard.o(.text)
    DMA1_Stream3_IRQHandler                  0x08000253   Thumb Code     0  startup_ctboard.o(.text)
    DMA1_Stream4_IRQHandler                  0x08000253   Thumb Code     0  startup_ctboard.o(.text)
    DMA1_Stream5_IRQHandler                  0x08000253   Thumb Code     0  startup_ctboard.o(.text)
    DMA1_Stream6_IRQHandler                  0x08000253   Thumb Code     0  startup_ctboard.o(.text)
    DMA1_Stream7_IRQHandler                  0x08000253   Thumb Code     0  startup_ctboard.o(.text)
    DMA2D_IRQHandler                         0x08000253   Thumb Code     0  startup_ctboard.o(.text)
    DMA2_Stream0_IRQHandler                  0x08000253   Thumb Code     0  startup_ctboard.o(.text)
    DMA2_Stream1_IRQHandler                  0x08000253   Thumb Code     0  startup_ctboard.o(.text)
    DMA2_Stream2_IRQHandler                  0x08000253   Thumb Code     0  startup_ctboard.o(.text)
    DMA2_Stream3_IRQHandler                  0x08000253   Thumb Code     0  startup_ctboard.o(.text)
    DMA2_Stream4_IRQHandler                  0x08000253   Thumb Code     0  startup_ctboard.o(.text)
    DMA2_Stream5_IRQHandler                  0x08000253   Thumb Code     0  startup_ctboard.o(.text)
    DMA2_Stream6_IRQHandler                  0x08000253   Thumb Code     0  startup_ctboard.o(.text)
    DMA2_Stream7_IRQHandler                  0x08000253   Thumb Code     0  startup_ctboard.o(.text)
    ETH_IRQHandler                           0x08000253   Thumb Code     0  startup_ctboard.o(.text)
    ETH_WKUP_IRQHandler                      0x08000253   Thumb Code     0  startup_ctboard.o(.text)
    EXTI0_IRQHandler                         0x08000253   Thumb Code     0  startup_ctboard.o(.text)
    EXTI15_10_IRQHandler                     0x08000253   Thumb Code     0  startup_ctboard.o(.text)
    EXTI1_IRQHandler                         0x08000253   Thumb Code     0  startup_ctboard.o(.text)
    EXTI2_IRQHandler                         0x08000253   Thumb Code     0  startup_ctboard.o(.text)
    EXTI3_IRQHandler                         0x08000253   Thumb Code     0  startup_ctboard.o(.text)
    EXTI4_IRQHandler                         0x08000253   Thumb Code     0  startup_ctboard.o(.text)
    EXTI9_5_IRQHandler                       0x08000253   Thumb Code     0  startup_ctboard.o(.text)
    FLASH_IRQHandler                         0x08000253   Thumb Code     0  startup_ctboard.o(.text)
    FMC_IRQHandler                           0x08000253   Thumb Code     0  startup_ctboard.o(.text)
    FPU_IRQHandler                           0x08000253   Thumb Code     0  startup_ctboard.o(.text)
    HASH_RNG_IRQHandler                      0x08000253   Thumb Code     0  startup_ctboard.o(.text)
    I2C1_ER_IRQHandler                       0x08000253   Thumb Code     0  startup_ctboard.o(.text)
    I2C1_EV_IRQHandler                       0x08000253   Thumb Code     0  startup_ctboard.o(.text)
    I2C2_ER_IRQHandler                       0x08000253   Thumb Code     0  startup_ctboard.o(.text)
    I2C2_EV_IRQHandler                       0x08000253   Thumb Code     0  startup_ctboard.o(.text)
    I2C3_ER_IRQHandler                       0x08000253   Thumb Code     0  startup_ctboard.o(.text)
    I2C3_EV_IRQHandler                       0x08000253   Thumb Code     0  startup_ctboard.o(.text)
    LTDC_ER_IRQHandler                       0x08000253   Thumb Code     0  startup_ctboard.o(.text)
    LTDC_IRQHandler                          0x08000253   Thumb Code     0  startup_ctboard.o(.text)
    OTG_FS_IRQHandler                        0x08000253   Thumb Code     0  startup_ctboard.o(.text)
    OTG_FS_WKUP_IRQHandler                   0x08000253   Thumb Code     0  startup_ctboard.o(.text)
    OTG_HS_EP1_IN_IRQHandler                 0x08000253   Thumb Code     0  startup_ctboard.o(.text)
    OTG_HS_EP1_OUT_IRQHandler                0x08000253   Thumb Code     0  startup_ctboard.o(.text)
    OTG_HS_IRQHandler                        0x08000253   Thumb Code     0  startup_ctboard.o(.text)
    OTG_HS_WKUP_IRQHandler                   0x08000253   Thumb Code     0  startup_ctboard.o(.text)
    PVD_IRQHandler                           0x08000253   Thumb Code     0  startup_ctboard.o(.text)
    RCC_IRQHandler                           0x08000253   Thumb Code     0  startup_ctboard.o(.text)
    RTC_Alarm_IRQHandler                     0x08000253   Thumb Code     0  startup_ctboard.o(.text)
    RTC_WKUP_IRQHandler                      0x08000253   Thumb Code     0  startup_ctboard.o(.text)
    SAI1_IRQHandler                          0x08000253   Thumb Code     0  startup_ctboard.o(.text)
    SDIO_IRQHandler                          0x08000253   Thumb Code     0  startup_ctboard.o(.text)
    SPI1_IRQHandler                          0x08000253   Thumb Code     0  startup_ctboard.o(.text)
    SPI2_IRQHandler                          0x08000253   Thumb Code     0  startup_ctboard.o(.text)
    SPI3_IRQHandler                          0x08000253   Thumb Code     0  startup_ctboard.o(.text)
    SPI4_IRQHandler                          0x08000253   Thumb Code     0  startup_ctboard.o(.text)
    SPI5_IRQHandler                          0x08000253   Thumb Code     0  startup_ctboard.o(.text)
    SPI6_IRQHandler                          0x08000253   Thumb Code     0  startup_ctboard.o(.text)
    TAMP_STAMP_IRQHandler                    0x08000253   Thumb Code     0  startup_ctboard.o(.text)
    TIM1_BRK_TIM9_IRQHandler                 0x08000253   Thumb Code     0  startup_ctboard.o(.text)
    TIM1_CC_IRQHandler                       0x08000253   Thumb Code     0  startup_ctboard.o(.text)
    TIM1_TRG_COM_TIM11_IRQHandler            0x08000253   Thumb Code     0  startup_ctboard.o(.text)
    TIM1_UP_TIM10_IRQHandler                 0x08000253   Thumb Code     0  startup_ctboard.o(.text)
    TIM2_IRQHandler                          0x08000253   Thumb Code     0  startup_ctboard.o(.text)
    TIM3_IRQHandler                          0x08000253   Thumb Code     0  startup_ctboard.o(.text)
    TIM4_IRQHandler                          0x08000253   Thumb Code     0  startup_ctboard.o(.text)
    TIM5_IRQHandler                          0x08000253   Thumb Code     0  startup_ctboard.o(.text)
    TIM6_DAC_IRQHandler                      0x08000253   Thumb Code     0  startup_ctboard.o(.text)
    TIM7_IRQHandler                          0x08000253   Thumb Code     0  startup_ctboard.o(.text)
    TIM8_BRK_TIM12_IRQHandler                0x08000253   Thumb Code     0  startup_ctboard.o(.text)
    TIM8_CC_IRQHandler                       0x08000253   Thumb Code     0  startup_ctboard.o(.text)
    TIM8_TRG_COM_TIM14_IRQHandler            0x08000253   Thumb Code     0  startup_ctboard.o(.text)
    TIM8_UP_TIM13_IRQHandler                 0x08000253   Thumb Code     0  startup_ctboard.o(.text)
    UART4_IRQHandler                         0x08000253   Thumb Code     0  startup_ctboard.o(.text)
    UART5_IRQHandler                         0x08000253   Thumb Code     0  startup_ctboard.o(.text)
    UART7_IRQHandler                         0x08000253   Thumb Code     0  startup_ctboard.o(.text)
    UART8_IRQHandler                         0x08000253   Thumb Code     0  startup_ctboard.o(.text)
    USART1_IRQHandler                        0x08000253   Thumb Code     0  startup_ctboard.o(.text)
    USART2_IRQHandler                        0x08000253   Thumb Code     0  startup_ctboard.o(.text)
    USART3_IRQHandler                        0x08000253   Thumb Code     0  startup_ctboard.o(.text)
    USART6_IRQHandler                        0x08000253   Thumb Code     0  startup_ctboard.o(.text)
    WWDG_IRQHandler                          0x08000253   Thumb Code     0  startup_ctboard.o(.text)
    __2sprintf                               0x0800025d   Thumb Code    34  noretval__2sprintf.o(.text)
    _printf_pre_padding                      0x08000285   Thumb Code    44  _printf_pad.o(.text)
    _printf_post_padding                     0x080002b1   Thumb Code    34  _printf_pad.o(.text)
    _printf_int_dec                          0x080002d5   Thumb Code   104  _printf_dec.o(.text)
    _printf_int_hex                          0x0800034d   Thumb Code    84  _printf_hex_int.o(.text)
    _printf_longlong_hex                     0x0800034d   Thumb Code     0  _printf_hex_int.o(.text)
    __printf                                 0x080003a5   Thumb Code   270  __printf_wp.o(.text)
    strcat                                   0x080004b3   Thumb Code    24  strcat.o(.text)
    _printf_int_common                       0x080004cb   Thumb Code   178  _printf_intcommon.o(.text)
    _printf_char_common                      0x08000587   Thumb Code    32  _printf_char_common.o(.text)
    _sputc                                   0x080005ad   Thumb Code    10  _sputc.o(.text)
    __system                                 0x080005b7   Thumb Code     8  system_ctboard.o(i.__system)
    _is_digit                                0x080005bf   Thumb Code    14  __printf_wp.o(i._is_digit)
    a_equals_b_plus_c                        0x080005cd   Thumb Code    32  arrays.o(i.a_equals_b_plus_c)
    access_cache                             0x080005ed   Thumb Code    76  cache.o(i.access_cache)
    button1_pressed                          0x08000641   Thumb Code    10  simulation.o(i.button1_pressed)
    button2_pressed                          0x08000651   Thumb Code    10  simulation.o(i.button2_pressed)
    debug_line_out                           0x080006af   Thumb Code    92  simulation.o(i.debug_line_out)
    delay                                    0x0800070d   Thumb Code    14  simulation.o(i.delay)
    display_result                           0x08000721   Thumb Code   100  arrays.o(i.display_result)
    get_cache_result                         0x080007cd   Thumb Code     4  cache.o(i.get_cache_result)
    get_item_address                         0x080007d5   Thumb Code    86  arrays.o(i.get_item_address)
    hal_ct_lcd_clear                         0x08000865   Thumb Code    20  hal_ct_lcd.o(i.hal_ct_lcd_clear)
    hal_ct_lcd_color                         0x08000891   Thumb Code    38  hal_ct_lcd.o(i.hal_ct_lcd_color)
    hal_ct_lcd_write                         0x080008bd   Thumb Code    40  hal_ct_lcd.o(i.hal_ct_lcd_write)
    hal_fmc_init_sram                        0x080008e5   Thumb Code   416  hal_fmc.o(i.hal_fmc_init_sram)
    hal_gpio_init_alternate                  0x08000a85   Thumb Code   130  hal_gpio.o(i.hal_gpio_init_alternate)
    hal_gpio_init_output                     0x08000b07   Thumb Code   160  hal_gpio.o(i.hal_gpio_init_output)
    hal_pwr_set_overdrive                    0x08000ba7   Thumb Code     6  hal_pwr.o(i.hal_pwr_set_overdrive)
    hal_rcc_reset                            0x08000bad   Thumb Code   188  hal_rcc.o(i.hal_rcc_reset)
    hal_rcc_set_osc                          0x08000c85   Thumb Code   136  hal_rcc.o(i.hal_rcc_set_osc)
    hal_rcc_setup_clock                      0x08000d11   Thumb Code   134  hal_rcc.o(i.hal_rcc_setup_clock)
    hal_rcc_setup_pll                        0x08000d9d   Thumb Code   314  hal_rcc.o(i.hal_rcc_setup_pll)
    init_cache                               0x08001121   Thumb Code    28  cache.o(i.init_cache)
    main                                     0x08001165   Thumb Code    30  main.o(i.main)
    print_results                            0x080011ad   Thumb Code    30  simulation.o(i.print_results)
    read_b                                   0x080011ed   Thumb Code    42  arrays.o(i.read_b)
    read_c                                   0x08001217   Thumb Code    42  arrays.o(i.read_c)
    run_simulation                           0x08001241   Thumb Code    32  main.o(i.run_simulation)
    system_enter_run                         0x08001261   Thumb Code    20  system_ctboard.o(i.system_enter_run)
    write_a                                  0x08001275   Thumb Code    42  arrays.o(i.write_a)
    Image$$ER_IROM1$$Limit                   0x080012c8   Number         0  anon$$obj.o ABSOLUTE
    Image$$RW_IRAM1$$Base                    0x20000000   Number         0  anon$$obj.o ABSOLUTE
    Image$$RW_IRAM1$$ZI$$Base                0x20000008   Number         0  anon$$obj.o ABSOLUTE
    Stack_Mem                                0x20000028   Data        8192  startup_ctboard.o(STACK)
    Image$$RW_IRAM1$$ZI$$Limit               0x20002028   Number         0  anon$$obj.o ABSOLUTE



==============================================================================

Memory Map of the image

  Image Entry point : 0x08000239

  Load Region LR_IROM1 (Base: 0x08000000, Size: 0x000012d0, Max: 0x00200000, ABSOLUTE)

    Execution Region ER_IROM1 (Exec base: 0x08000000, Load base: 0x08000000, Size: 0x000012c8, Max: 0x00200000, ABSOLUTE)

    Exec Addr    Load Addr    Size         Type   Attr      Idx    E Section Name        Object

    0x08000000   0x08000000   0x000001ac   Data   RO          193    RESET               startup_ctboard.o
    0x080001ac   0x080001ac   0x00000000   Code   RO          741    .ARM.Collect$$_printf_percent$$00000000  c_w.l(_printf_percent.o)
    0x080001ac   0x080001ac   0x00000006   Code   RO          740    .ARM.Collect$$_printf_percent$$00000009  c_w.l(_printf_d.o)
    0x080001b2   0x080001b2   0x00000006   Code   RO          739    .ARM.Collect$$_printf_percent$$0000000C  c_w.l(_printf_x.o)
    0x080001b8   0x080001b8   0x00000004   Code   RO          750    .ARM.Collect$$_printf_percent$$00000017  c_w.l(_printf_percent_end.o)
    0x080001bc   0x080001bc   0x0000007c   Code   RO          186    .text               datainit_ctboard.o
    0x08000238   0x08000238   0x00000024   Code   RO          194  * .text               startup_ctboard.o
    0x0800025c   0x0800025c   0x00000028   Code   RO          690    .text               c_w.l(noretval__2sprintf.o)
    0x08000284   0x08000284   0x0000004e   Code   RO          694    .text               c_w.l(_printf_pad.o)
    0x080002d2   0x080002d2   0x00000002   PAD
    0x080002d4   0x080002d4   0x00000078   Code   RO          696    .text               c_w.l(_printf_dec.o)
    0x0800034c   0x0800034c   0x00000058   Code   RO          701    .text               c_w.l(_printf_hex_int.o)
    0x080003a4   0x080003a4   0x0000010e   Code   RO          727    .text               c_w.l(__printf_wp.o)
    0x080004b2   0x080004b2   0x00000018   Code   RO          742    .text               c_w.l(strcat.o)
    0x080004ca   0x080004ca   0x000000b2   Code   RO          744    .text               c_w.l(_printf_intcommon.o)
    0x0800057c   0x0800057c   0x00000030   Code   RO          746    .text               c_w.l(_printf_char_common.o)
    0x080005ac   0x080005ac   0x0000000a   Code   RO          748    .text               c_w.l(_sputc.o)
    0x080005b6   0x080005b6   0x00000008   Code   RO          198    i.__system          system_ctboard.o
    0x080005be   0x080005be   0x0000000e   Code   RO          729    i._is_digit         c_w.l(__printf_wp.o)
    0x080005cc   0x080005cc   0x00000020   Code   RO           64    i.a_equals_b_plus_c  arrays.o
    0x080005ec   0x080005ec   0x00000054   Code   RO          118    i.access_cache      cache.o
    0x08000640   0x08000640   0x00000010   Code   RO          148    i.button1_pressed   simulation.o
    0x08000650   0x08000650   0x00000010   Code   RO          149    i.button2_pressed   simulation.o
    0x08000660   0x08000660   0x0000004e   Code   RO          369    i.create_pattern_mask  hal_gpio.o
    0x080006ae   0x080006ae   0x0000005c   Code   RO          150    i.debug_line_out    simulation.o
    0x0800070a   0x0800070a   0x00000002   PAD
    0x0800070c   0x0800070c   0x00000014   Code   RO          151    i.delay             simulation.o
    0x08000720   0x08000720   0x000000ac   Code   RO           65    i.display_result    arrays.o
    0x080007cc   0x080007cc   0x00000008   Code   RO          119    i.get_cache_result  cache.o
    0x080007d4   0x080007d4   0x00000090   Code   RO           66    i.get_item_address  arrays.o
    0x08000864   0x08000864   0x0000002c   Code   RO          272    i.hal_ct_lcd_clear  hal_ct_lcd.o
    0x08000890   0x08000890   0x0000002c   Code   RO          273    i.hal_ct_lcd_color  hal_ct_lcd.o
    0x080008bc   0x080008bc   0x00000028   Code   RO          274    i.hal_ct_lcd_write  hal_ct_lcd.o
    0x080008e4   0x080008e4   0x000001a0   Code   RO          351    i.hal_fmc_init_sram  hal_fmc.o
    0x08000a84   0x08000a84   0x00000082   Code   RO          374    i.hal_gpio_init_alternate  hal_gpio.o
    0x08000b06   0x08000b06   0x000000a0   Code   RO          377    i.hal_gpio_init_output  hal_gpio.o
    0x08000ba6   0x08000ba6   0x00000006   Code   RO          478    i.hal_pwr_set_overdrive  hal_pwr.o
    0x08000bac   0x08000bac   0x000000d8   Code   RO          522    i.hal_rcc_reset     hal_rcc.o
    0x08000c84   0x08000c84   0x0000008c   Code   RO          523    i.hal_rcc_set_osc   hal_rcc.o
    0x08000d10   0x08000d10   0x0000008c   Code   RO          525    i.hal_rcc_setup_clock  hal_rcc.o
    0x08000d9c   0x08000d9c   0x00000148   Code   RO          526    i.hal_rcc_setup_pll  hal_rcc.o
    0x08000ee4   0x08000ee4   0x00000160   Code   RO          199    i.init_FMC_SRAM     system_ctboard.o
    0x08001044   0x08001044   0x00000014   Code   RO          200    i.init_FPU          system_ctboard.o
    0x08001058   0x08001058   0x0000000e   Code   RO          201    i.init_LCD          system_ctboard.o
    0x08001066   0x08001066   0x00000002   PAD
    0x08001068   0x08001068   0x000000b8   Code   RO          202    i.init_SystemClock  system_ctboard.o
    0x08001120   0x08001120   0x00000024   Code   RO          120    i.init_cache        cache.o
    0x08001144   0x08001144   0x00000020   Code   RO          385    i.intercept_overwrite_register  hal_gpio.o
    0x08001164   0x08001164   0x00000048   Code   RO            1    i.main              main.o
    0x080011ac   0x080011ac   0x00000040   Code   RO          152    i.print_results     simulation.o
    0x080011ec   0x080011ec   0x0000002a   Code   RO           67    i.read_b            arrays.o
    0x08001216   0x08001216   0x0000002a   Code   RO           68    i.read_c            arrays.o
    0x08001240   0x08001240   0x00000020   Code   RO            2    i.run_simulation    main.o
    0x08001260   0x08001260   0x00000014   Code   RO          203    i.system_enter_run  system_ctboard.o
    0x08001274   0x08001274   0x0000002a   Code   RO           69    i.write_a           arrays.o
    0x0800129e   0x0800129e   0x00000028   Data   RO          702    .constdata          c_w.l(_printf_hex_int.o)


    Execution Region RW_IRAM2 (Exec base: 0x10000000, Load base: 0x080012d0, Size: 0x00000000, Max: 0x00010000, ABSOLUTE)

    **** No section assigned to this execution region ****


    Execution Region RW_IRAM1 (Exec base: 0x20000000, Load base: 0x080012c8, Size: 0x00002028, Max: 0x00030000, ABSOLUTE)

    Exec Addr    Load Addr    Size         Type   Attr      Idx    E Section Name        Object

    0x20000000   0x080012c8   0x00000004   Data   RW          122    .data               cache.o
    0x20000004   0x080012cc   0x00000004   Data   RW          153    .data               simulation.o
    0x20000008        -       0x00000020   Zero   RW          121    .bss                cache.o
    0x20000028        -       0x00002000   Zero   RW          191    STACK               startup_ctboard.o


==============================================================================

Image component sizes


      Code (inc. data)   RO Data    RW Data    ZI Data      Debug   Object Name

       474        130          0          0          0       6052   arrays.o
       128         20          0          4         32       2187   cache.o
       124         50          0          0          0        516   datainit_ctboard.o
       128         30          0          0          0       1853   hal_ct_lcd.o
       416          0          0          0          0        948   hal_fmc.o
       400         10          0          0          0       3261   hal_gpio.o
         6          0          0          0          0        596   hal_pwr.o
       824         52          0          0          0       2828   hal_rcc.o
       104         42          0          0          0      39756   main.o
       208         52          0          4          0       3289   simulation.o
        36          8        428          0       8192        884   startup_ctboard.o
       598         40          0          0          0       8110   system_ctboard.o

    ----------------------------------------------------------------------
      3450        434        428          8       8224      70280   Object Totals
         0          0          0          0          0          0   (incl. Generated)
         4          0          0          0          0          0   (incl. Padding)

    ----------------------------------------------------------------------

      Code (inc. data)   RO Data    RW Data    ZI Data      Debug   Library Member Name

       284          0          0          0          0        156   __printf_wp.o
        48          6          0          0          0         96   _printf_char_common.o
         6          0          0          0          0          0   _printf_d.o
       120         16          0          0          0         92   _printf_dec.o
        88          4         40          0          0         88   _printf_hex_int.o
       178          0          0          0          0         88   _printf_intcommon.o
        78          0          0          0          0        108   _printf_pad.o
         0          0          0          0          0          0   _printf_percent.o
         4          0          0          0          0          0   _printf_percent_end.o
         6          0          0          0          0          0   _printf_x.o
        10          0          0          0          0         68   _sputc.o
        40          6          0          0          0         84   noretval__2sprintf.o
        24          0          0          0          0         68   strcat.o

    ----------------------------------------------------------------------
       888         32         42          0          0        848   Library Totals
         2          0          2          0          0          0   (incl. Padding)

    ----------------------------------------------------------------------

      Code (inc. data)   RO Data    RW Data    ZI Data      Debug   Library Name

       886         32         40          0          0        848   c_w.l

    ----------------------------------------------------------------------
       888         32         42          0          0        848   Library Totals

    ----------------------------------------------------------------------

==============================================================================


      Code (inc. data)   RO Data    RW Data    ZI Data      Debug   

      4338        466        470          8       8224      67560   Grand Totals
      4338        466        470          8       8224      67560   ELF Image Totals
      4338        466        470          8          0          0   ROM Totals

==============================================================================

    Total RO  Size (Code + RO Data)                 4808 (   4.70kB)
    Total RW  Size (RW Data + ZI Data)              8232 (   8.04kB)
    Total ROM Size (Code + RO Data + RW Data)       4816 (   4.70kB)

==============================================================================

