<html>
<body>
<pre>
<h1>µVision Build Log</h1>
<h2>Tool Versions:</h2>
IDE-Version: µVision V5.31.0.0
Copyright (C) 2020 ARM Ltd and ARM Germany GmbH. All rights reserved.
License Information:  InES Flex license: MDK Professional 5.31 (Flex): 25 user(s) (mdk_pro) Operation stops: 31 Dec 2022
 
Tool Versions:
Toolchain:       MDK Professional 5.31 (Flex): 25 user(s)  Version: 5.31.0.0
Toolchain Path:  C:\Keil_v5\ARM\ARMCC\Bin
C Compiler:      Armcc.exe V5.06 update 6 (build 750)
Assembler:       Armasm.exe V5.06 update 6 (build 750)
Linker/Locator:  ArmLink.exe V5.06 update 6 (build 750)
Library Manager: ArmAr.exe V5.06 update 6 (build 750)
Hex Converter:   FromElf.exe V5.06 update 6 (build 750)
CPU DLL:         SARMCM3.DLL V5.31.0.0
Dialog DLL:      DARMCM1.DLL V1.19.3.0
Target DLL:      STLink\ST-LINKIII-KEIL_SWO.dll V3.0.7.0
Dialog DLL:      TARMCM1.DLL V1.14.2.0
 
<h2>Project:</h2>
\\user.zhaw.ch\edu\archiluc\CT\Praktikum-CT2\lab_memory_ROM\code_rom\Lab.uvprojx
Project File Date:  04/23/2022

<h2>Output:</h2>
*** Using Compiler 'V5.06 update 6 (build 750)', folder: 'C:\Keil_v5\ARM\ARMCC\Bin'
Rebuild target 'Target 1'
assembling datainit_ctboard.s...
compiling hal_ct_buttons.c...
compiling main.c...
assembling startup_ctboard.s...
compiling hal_ct_seg7.c...
compiling hal_dma.c...
compiling system_ctboard.c...
compiling hal_fmc.c...
compiling hal_pwr.c...
compiling hal_gpio.c...
compiling hal_rcc.c...
linking...
Program Size: Code=4440 RO-data=428 RW-data=0 ZI-data=8192  
".\build\Lab.axf" - 0 Error(s), 0 Warning(s).

<h2>Software Packages used:</h2>

Package Vendor: InES
                https://ennis.zhaw.ch/pack/InES.CTBoard14_DFP.4.0.2.pack
                InES.CTBoard14_DFP.4.0.2
                CT Board 14 (STM32F429ZI) Device Support
   * Component: Startup Version: 4.0.1
   * Component: 7 segment Version: 4.0.0
   * Component: DMA Version: 2.2.0
   * Component: FMC Version: 3.0.1
   * Component: GPIO Version: 4.0.1
   * Component: PWR Version: 2.2.0
   * Component: RCC Version: 4.0.1

<h2>Collection of Component include folders:</h2>
  .\RTE\_Target_1
  C:\Keil_v5\ARM\PACK\InES\CTBoard14_DFP\4.0.2\Device\Include
  C:\Keil_v5\ARM\PACK\InES\CTBoard14_DFP\4.0.2\Device\Include\m0
  C:\Keil_v5\ARM\PACK\InES\CTBoard14_DFP\4.0.2\HAL\Include

<h2>Collection of Component Files used:</h2>

   * Component: InES::Device:Startup:4.0.1
      Include file:  Device\Include\m0\platform_ctboard.h
      Include file:  Device\Include\reg_stm32f4xx.h
      Include file:  Device\Include\system_ctboard.h
      Source file:   Device\Source\startup_ctboard.s
      Include file:  Device\Include\reg_ctboard.h
      Source file:   Device\Source\system_ctboard.c
      Source file:   Device\Source\datainit_ctboard.s

   * Component: InES::HAL:CT Board:7 segment:4.0.0
      Source file:   HAL\Source\hal_ct_seg7.c
      Include file:  Device\Include\reg_ctboard.h
      Include file:  HAL\Include\hal_ct_seg7.h

   * Component: InES::HAL:DMA:2.2.0
      Source file:   HAL\Source\hal_dma.c
      Include file:  HAL\Include\hal_common.h
      Include file:  Device\Include\reg_stm32f4xx.h
      Include file:  HAL\Include\hal_dma.h

   * Component: InES::HAL:FMC:3.0.1
      Source file:   HAL\Source\hal_fmc.c
      Include file:  HAL\Include\hal_common.h
      Include file:  Device\Include\reg_stm32f4xx.h
      Include file:  HAL\Include\hal_fmc.h

   * Component: InES::HAL:GPIO:4.0.1
      Include file:  HAL\Include\hal_common.h
      Include file:  HAL\Include\hal_gpio.h
      Include file:  Device\Include\reg_stm32f4xx.h
      Source file:   HAL\Source\hal_gpio.c

   * Component: InES::HAL:PWR:2.2.0
      Include file:  Device\Include\reg_stm32f4xx.h
      Include file:  HAL\Include\hal_common.h
      Include file:  HAL\Include\hal_pwr.h
      Source file:   HAL\Source\hal_pwr.c

   * Component: InES::HAL:RCC:4.0.1
      Include file:  HAL\Include\hal_rcc.h
      Include file:  HAL\Include\hal_common.h
      Source file:   HAL\Source\hal_rcc.c
      Include file:  Device\Include\reg_stm32f4xx.h
Build Time Elapsed:  00:00:02
</pre>
</body>
</html>
