<html>
<body>
<pre>
<h1>µVision Build Log</h1>
<h2>Tool Versions:</h2>
IDE-Version: ÂµVision V5.36.0.0
Copyright (C) 2021 ARM Ltd and ARM Germany GmbH. All rights reserved.
License Information: Rafael Bischofberger, ZHAW, LIC=----
 
Tool Versions:
Toolchain:       MDK-Lite  Version: 5.36.0.0
Toolchain Path:  C:\Keil_v5\ARM\ARMCC\Bin
C Compiler:      Armcc.exe V5.06 update 7 (build 960)
Assembler:       Armasm.exe V5.06 update 7 (build 960)
Linker/Locator:  ArmLink.exe V5.06 update 7 (build 960)
Library Manager: ArmAr.exe V5.06 update 7 (build 960)
Hex Converter:   FromElf.exe V5.06 update 7 (build 960)
CPU DLL:         SARMCM3.DLL V5.36.0.0
Dialog DLL:      DCM.DLL V1.17.3.0
Target DLL:      STLink\ST-LINKIII-KEIL_SWO.dll V3.0.9.0
Dialog DLL:      TCM.DLL V1.53.0.0
 
<h2>Project:</h2>
C:\Users\rafae\OneDrive\Schule\Studium\Semester 6\CT2\11_lab_cache\project\cache.uvprojx
Project File Date:  05/07/2022

<h2>Output:</h2>
*** Using Compiler 'V5.06 update 7 (build 960)', folder: 'C:\Keil_v5\ARM\ARMCC\Bin'
Rebuild target 'Target 1'
assembling datainit_ctboard.s...
assembling startup_ctboard.s...
compiling cache.c...
compiling arrays.c...
compiling simulation.c...
compiling main.c...
compiling system_ctboard.c...
compiling hal_ct_lcd.c...
compiling hal_ct_seg7.c...
compiling hal_fmc.c...
compiling hal_pwr.c...
compiling hal_rcc.c...
compiling hal_gpio.c...
compiling hal_timer.c...
linking...
Program Size: Code=4338 RO-data=470 RW-data=8 ZI-data=8224  
".\Objects\cache.axf" - 0 Error(s), 0 Warning(s).

<h2>Software Packages used:</h2>

Package Vendor: InES
                https://ennis.zhaw.ch/pack/InES.CTBoard14_DFP.4.0.2.pack
                InES.CTBoard14_DFP.4.0.2
                CT Board 14 (STM32F429ZI) Device Support
   * Component: Startup Version: 4.0.1
   * Component: 7 segment Version: 4.0.0
   * Component: LCD Version: 3.0.3
   * Component: FMC Version: 3.0.1
   * Component: GPIO Version: 4.0.1
   * Component: PWR Version: 2.2.0
   * Component: RCC Version: 4.0.1
   * Component: TIMER Version: 4.0.1

<h2>Collection of Component include folders:</h2>
  .\RTE\_Target_1
  C:\Users\rafae\AppData\Local\Arm\Packs\InES\CTBoard14_DFP\4.0.2\Device\Include
  C:\Users\rafae\AppData\Local\Arm\Packs\InES\CTBoard14_DFP\4.0.2\Device\Include\m4
  C:\Users\rafae\AppData\Local\Arm\Packs\InES\CTBoard14_DFP\4.0.2\HAL\Include

<h2>Collection of Component Files used:</h2>

   * Component: InES::Device:Startup:4.0.1
      Include file:  Device\Include\m4\platform_ctboard.h
      Include file:  Device\Include\reg_stm32f4xx.h
      Include file:  Device\Include\reg_ctboard.h
      Include file:  Device\Include\system_ctboard.h
      Source file:   Device\Source\startup_ctboard.s
      Source file:   Device\Source\datainit_ctboard.s
      Source file:   Device\Source\system_ctboard.c

   * Component: InES::HAL:CT Board:7 segment:4.0.0
      Source file:   HAL\Source\hal_ct_seg7.c
      Include file:  Device\Include\reg_ctboard.h
      Include file:  HAL\Include\hal_ct_seg7.h

   * Component: InES::HAL:CT Board:LCD:3.0.3
      Include file:  HAL\Include\hal_ct_lcd.h
      Source file:   HAL\Source\hal_ct_lcd.c
      Include file:  Device\Include\reg_ctboard.h

   * Component: InES::HAL:FMC:3.0.1
      Include file:  Device\Include\reg_stm32f4xx.h
      Include file:  HAL\Include\hal_common.h
      Include file:  HAL\Include\hal_fmc.h
      Source file:   HAL\Source\hal_fmc.c

   * Component: InES::HAL:GPIO:4.0.1
      Include file:  Device\Include\reg_stm32f4xx.h
      Include file:  HAL\Include\hal_gpio.h
      Source file:   HAL\Source\hal_gpio.c
      Include file:  HAL\Include\hal_common.h

   * Component: InES::HAL:PWR:2.2.0
      Include file:  Device\Include\reg_stm32f4xx.h
      Include file:  HAL\Include\hal_common.h
      Source file:   HAL\Source\hal_pwr.c
      Include file:  HAL\Include\hal_pwr.h

   * Component: InES::HAL:RCC:4.0.1
      Include file:  Device\Include\reg_stm32f4xx.h
      Include file:  HAL\Include\hal_common.h
      Source file:   HAL\Source\hal_rcc.c
      Include file:  HAL\Include\hal_rcc.h

   * Component: InES::HAL:TIMER:4.0.1
      Include file:  Device\Include\reg_stm32f4xx.h
      Source file:   HAL\Source\hal_timer.c
      Include file:  HAL\Include\hal_timer.h
      Include file:  HAL\Include\hal_common.h
Build Time Elapsed:  00:00:03
</pre>
</body>
</html>
