Component: ARM Compiler 5.06 update 7 (build 960) Tool: armlink [4d3601]

==============================================================================

Section Cross References

    dice_counter.o(.text) refers to aeabi_sdiv.o(.text) for __aeabi_idivmod
    dice_counter.o(.text) refers to dice_counter.o(.data) for dice_counter
    main.o(.text) refers to lcd.o(.text) for hal_ct_lcd_clear
    main.o(.text) refers to dice_counter.o(.text) for dice_counter_read
    main.o(.text) refers to hal_ct_seg7.o(.text) for hal_ct_seg7_bin_write
    main.o(.text) refers to statistics.o(.text) for stat_add_throw
    statistics.o(.text) refers to statistics.o(.data) for nr_of_throws
    lcd.o(.text) refers to _printf_pad.o(.text) for _printf_pre_padding
    lcd.o(.text) refers to _printf_percent.o(.ARM.Collect$$_printf_percent$$00000000) for _printf_percent
    lcd.o(.text) refers to _printf_d.o(.ARM.Collect$$_printf_percent$$00000009) for _printf_d
    lcd.o(.text) refers to _printf_dec.o(.text) for _printf_int_dec
    lcd.o(.text) refers to __2snprintf.o(.text) for __2snprintf
    datainit_ctboard.o(.text) refers (Weak) to startup_ctboard.o(STACK) for Stack_Mem
    datainit_ctboard.o(.text) refers to main.o(.text) for main
    startup_ctboard.o(RESET) refers to startup_ctboard.o(STACK) for __initial_sp
    startup_ctboard.o(RESET) refers to startup_ctboard.o(.text) for Reset_Handler
    startup_ctboard.o(.text) refers to system_ctboard.o(.text) for __system
    startup_ctboard.o(.text) refers to datainit_ctboard.o(.text) for __main
    system_ctboard.o(.text) refers to hal_gpio.o(.text) for hal_gpio_init_alternate
    system_ctboard.o(.text) refers to rt_memcpy.o(.emb_text) for __aeabi_memcpy4
    system_ctboard.o(.text) refers to hal_fmc.o(.text) for hal_fmc_init_sram
    system_ctboard.o(.text) refers to hal_rcc.o(.text) for hal_rcc_reset
    system_ctboard.o(.text) refers to hal_pwr.o(.text) for hal_pwr_set_overdrive
    hal_ct_seg7.o(.text) refers to aeabi_sdiv.o(.text) for __aeabi_uidivmod
    hal_ct_seg7.o(.text) refers to hal_ct_seg7.o(.constdata) for conv_tab
    hal_gpio.o(.text) refers to aeabi_sdiv.o(.text) for __aeabi_idivmod
    hal_rcc.o(.text) refers to hal_rcc.o(i.__ARM_common_switch8) for __ARM_common_switch8
    __2snprintf.o(.text) refers to _printf_char_common.o(.text) for _printf_char_common
    __2snprintf.o(.text) refers to _sputc.o(.text) for _sputc
    __2snprintf.o(.text) refers to _snputc.o(.text) for _snputc
    noretval__2snprintf.o(.text) refers to _printf_char_common.o(.text) for _printf_char_common
    noretval__2snprintf.o(.text) refers to _sputc.o(.text) for _sputc
    noretval__2snprintf.o(.text) refers to _snputc.o(.text) for _snputc
    __printf.o(.text) refers to _printf_percent.o(.ARM.Collect$$_printf_percent$$00000000) for _printf_percent
    _printf_dec.o(.text) refers to rtudiv10.o(.text) for __rt_udiv10
    _printf_dec.o(.text) refers to _printf_intcommon.o(.text) for _printf_int_common
    __printf_flags.o(.text) refers to _printf_percent.o(.ARM.Collect$$_printf_percent$$00000000) for _printf_percent
    __printf_flags.o(.text) refers to __printf_flags.o(.constdata) for .constdata
    __printf_ss.o(.text) refers to _printf_percent.o(.ARM.Collect$$_printf_percent$$00000000) for _printf_percent
    __printf_flags_ss.o(.text) refers to _printf_percent.o(.ARM.Collect$$_printf_percent$$00000000) for _printf_percent
    __printf_flags_ss.o(.text) refers to __printf_flags_ss.o(.constdata) for .constdata
    __printf_wp.o(.text) refers to __printf_wp.o(i._is_digit) for _is_digit
    __printf_wp.o(.text) refers to _printf_percent.o(.ARM.Collect$$_printf_percent$$00000000) for _printf_percent
    __printf_flags_wp.o(.text) refers to __printf_wp.o(i._is_digit) for _is_digit
    __printf_flags_wp.o(.text) refers to _printf_percent.o(.ARM.Collect$$_printf_percent$$00000000) for _printf_percent
    __printf_flags_wp.o(.text) refers to __printf_flags_wp.o(.constdata) for .constdata
    __printf_ss_wp.o(.text) refers to __printf_wp.o(i._is_digit) for _is_digit
    __printf_ss_wp.o(.text) refers to _printf_percent.o(.ARM.Collect$$_printf_percent$$00000000) for _printf_percent
    __printf_flags_ss_wp.o(.text) refers to __printf_wp.o(i._is_digit) for _is_digit
    __printf_flags_ss_wp.o(.text) refers to _printf_percent.o(.ARM.Collect$$_printf_percent$$00000000) for _printf_percent
    __printf_flags_ss_wp.o(.text) refers to __printf_flags_ss_wp.o(.constdata) for .constdata
    _printf_d.o(.ARM.Collect$$_printf_percent$$00000009) refers (Weak) to _printf_dec.o(.text) for _printf_int_dec
    _printf_percent.o(.ARM.Collect$$_printf_percent$$00000000) refers (Special) to _printf_percent_end.o(.ARM.Collect$$_printf_percent$$00000017) for _printf_percent_end
    rt_memcpy.o(.text) refers to rt_memcpy.o(.emb_text) for __aeabi_memcpy4
    aeabi_idiv0_sigfpe.o(.text) refers to rt_div0.o(.text) for __rt_div0
    _printf_intcommon.o(.text) refers (Weak) to _printf_pad.o(.text) for _printf_pre_padding
    _printf_intcommon.o(.text) refers (Weak) to _printf_pad.o(.text) for _printf_pre_padding
    _printf_intcommon.o(.text) refers (Weak) to _printf_pad.o(.text) for _printf_post_padding
    _printf_char_common.o(.text) refers to __printf_flags_wp.o(.text) for __printf
    rt_div0.o(.text) refers to defsig_fpe_outer.o(.text) for __rt_SIGFPE
    defsig_fpe_outer.o(.text) refers to defsig_fpe_inner.o(.text) for __rt_SIGFPE_inner
    defsig_fpe_outer.o(.text) refers to defsig_exit.o(.text) for __sig_exit
    defsig_fpe_formal.o(.text) refers to rt_raise.o(.text) for __rt_raise
    rt_raise.o(.text) refers to __raise.o(.text) for __raise
    rt_raise.o(.text) refers to sys_exit.o(.text) for _sys_exit
    defsig_exit.o(.text) refers to sys_exit.o(.text) for _sys_exit
    defsig_fpe_inner.o(.text) refers to defsig_general.o(.text) for __default_signal_display
    sys_exit.o(.text) refers (Special) to use_no_semi.o(.text) for __I$use$semihosting
    sys_exit.o(.text) refers (Special) to indicate_semi.o(.text) for __semihosting_library_function
    __raise.o(.text) refers to defsig.o(CL$$defsig) for __default_signal_handler
    defsig_general.o(.text) refers to sys_wrch.o(.text) for _ttywrch
    sys_wrch.o(.text) refers (Special) to use_no_semi.o(.text) for __I$use$semihosting
    sys_wrch.o(.text) refers (Special) to indicate_semi.o(.text) for __semihosting_library_function
    defsig.o(CL$$defsig) refers to defsig_fpe_inner.o(.text) for __rt_SIGFPE_inner
    defsig_abrt_inner.o(.text) refers to defsig_general.o(.text) for __default_signal_display
    defsig_rtred_inner.o(.text) refers to defsig_general.o(.text) for __default_signal_display
    defsig_rtmem_inner.o(.text) refers to defsig_general.o(.text) for __default_signal_display
    defsig_stak_inner.o(.text) refers to defsig_general.o(.text) for __default_signal_display
    defsig_pvfn_inner.o(.text) refers to defsig_general.o(.text) for __default_signal_display
    defsig_cppl_inner.o(.text) refers to defsig_general.o(.text) for __default_signal_display
    defsig_segv_inner.o(.text) refers to defsig_general.o(.text) for __default_signal_display
    defsig_other.o(.text) refers to defsig_general.o(.text) for __default_signal_display


==============================================================================

Removing Unused input sections from the image.

    Removing startup_ctboard.o(HEAP), (2048 bytes).

1 unused section(s) (total 2048 bytes) removed from the image.

==============================================================================

Image Symbol Table

    Local Symbols

    Symbol Name                              Value     Ov Type        Size  Object(Section)

    ../clib/angel/rt.s                       0x00000000   Number         0  aeabi_idiv0_sigfpe.o ABSOLUTE
    ../clib/angel/rt.s                       0x00000000   Number         0  rt_raise.o ABSOLUTE
    ../clib/angel/rt.s                       0x00000000   Number         0  aeabi_idiv0.o ABSOLUTE
    ../clib/angel/rt.s                       0x00000000   Number         0  rt_div0.o ABSOLUTE
    ../clib/angel/sys.s                      0x00000000   Number         0  indicate_semi.o ABSOLUTE
    ../clib/angel/sys.s                      0x00000000   Number         0  use_no_semi.o ABSOLUTE
    ../clib/angel/sysapp.c                   0x00000000   Number         0  sys_wrch.o ABSOLUTE
    ../clib/angel/sysapp.c                   0x00000000   Number         0  sys_exit.o ABSOLUTE
    ../clib/division.c                       0x00000000   Number         0  rtudiv10.o ABSOLUTE
    ../clib/division.s                       0x00000000   Number         0  aeabi_sdiv.o ABSOLUTE
    ../clib/division.s                       0x00000000   Number         0  aeabi_sdiv_div0.o ABSOLUTE
    ../clib/memcpset.c                       0x00000000   Number         0  rt_memcpy.o ABSOLUTE
    ../clib/memcpset.c                       0x00000000   Number         0  rt_memcpy.o ABSOLUTE
    ../clib/misc.s                           0x00000000   Number         0  printf_stubs.o ABSOLUTE
    ../clib/printf.c                         0x00000000   Number         0  __2snprintf.o ABSOLUTE
    ../clib/printf.c                         0x00000000   Number         0  __printf_flags_ss_wp.o ABSOLUTE
    ../clib/printf.c                         0x00000000   Number         0  noretval__2snprintf.o ABSOLUTE
    ../clib/printf.c                         0x00000000   Number         0  __printf.o ABSOLUTE
    ../clib/printf.c                         0x00000000   Number         0  _printf_pad.o ABSOLUTE
    ../clib/printf.c                         0x00000000   Number         0  __printf_ss_wp.o ABSOLUTE
    ../clib/printf.c                         0x00000000   Number         0  _printf_dec.o ABSOLUTE
    ../clib/printf.c                         0x00000000   Number         0  __printf_flags_wp.o ABSOLUTE
    ../clib/printf.c                         0x00000000   Number         0  __printf_flags.o ABSOLUTE
    ../clib/printf.c                         0x00000000   Number         0  __printf_ss.o ABSOLUTE
    ../clib/printf.c                         0x00000000   Number         0  __printf_flags_ss.o ABSOLUTE
    ../clib/printf.c                         0x00000000   Number         0  __printf_nopercent.o ABSOLUTE
    ../clib/printf.c                         0x00000000   Number         0  _snputc.o ABSOLUTE
    ../clib/printf.c                         0x00000000   Number         0  _sputc.o ABSOLUTE
    ../clib/printf.c                         0x00000000   Number         0  _printf_char_common.o ABSOLUTE
    ../clib/printf.c                         0x00000000   Number         0  _printf_intcommon.o ABSOLUTE
    ../clib/printf.c                         0x00000000   Number         0  __printf_wp.o ABSOLUTE
    ../clib/printf_percent.s                 0x00000000   Number         0  _printf_percent_end.o ABSOLUTE
    ../clib/printf_percent.s                 0x00000000   Number         0  _printf_percent.o ABSOLUTE
    ../clib/printf_percent.s                 0x00000000   Number         0  _printf_d.o ABSOLUTE
    ../clib/signal.c                         0x00000000   Number         0  defsig_general.o ABSOLUTE
    ../clib/signal.c                         0x00000000   Number         0  defsig_fpe_inner.o ABSOLUTE
    ../clib/signal.c                         0x00000000   Number         0  defsig_exit.o ABSOLUTE
    ../clib/signal.c                         0x00000000   Number         0  defsig_other.o ABSOLUTE
    ../clib/signal.c                         0x00000000   Number         0  defsig_fpe_formal.o ABSOLUTE
    ../clib/signal.c                         0x00000000   Number         0  __raise.o ABSOLUTE
    ../clib/signal.c                         0x00000000   Number         0  defsig_fpe_outer.o ABSOLUTE
    ../clib/signal.c                         0x00000000   Number         0  defsig_abrt_inner.o ABSOLUTE
    ../clib/signal.c                         0x00000000   Number         0  defsig_rtred_inner.o ABSOLUTE
    ../clib/signal.c                         0x00000000   Number         0  defsig_rtmem_inner.o ABSOLUTE
    ../clib/signal.c                         0x00000000   Number         0  defsig_stak_inner.o ABSOLUTE
    ../clib/signal.c                         0x00000000   Number         0  defsig_pvfn_inner.o ABSOLUTE
    ../clib/signal.c                         0x00000000   Number         0  defsig_cppl_inner.o ABSOLUTE
    ../clib/signal.c                         0x00000000   Number         0  defsig_segv_inner.o ABSOLUTE
    ../clib/signal.s                         0x00000000   Number         0  defsig.o ABSOLUTE
    RTE\Device\CT_Board_HS14_M0\datainit_ctboard.s 0x00000000   Number         0  datainit_ctboard.o ABSOLUTE
    RTE\Device\CT_Board_HS14_M0\startup_ctboard.s 0x00000000   Number         0  startup_ctboard.o ABSOLUTE
    RTE\Device\CT_Board_HS14_M0\system_ctboard.c 0x00000000   Number         0  system_ctboard.o ABSOLUTE
    RTE\HAL\CT_Board_HS14_M0\hal_ct_seg7.c   0x00000000   Number         0  hal_ct_seg7.o ABSOLUTE
    RTE\HAL\CT_Board_HS14_M0\hal_fmc.c       0x00000000   Number         0  hal_fmc.o ABSOLUTE
    RTE\HAL\CT_Board_HS14_M0\hal_gpio.c      0x00000000   Number         0  hal_gpio.o ABSOLUTE
    RTE\HAL\CT_Board_HS14_M0\hal_pwr.c       0x00000000   Number         0  hal_pwr.o ABSOLUTE
    RTE\HAL\CT_Board_HS14_M0\hal_rcc.c       0x00000000   Number         0  hal_rcc.o ABSOLUTE
    app\dice_counter.c                       0x00000000   Number         0  dice_counter.o ABSOLUTE
    app\lcd.c                                0x00000000   Number         0  lcd.o ABSOLUTE
    app\main.c                               0x00000000   Number         0  main.o ABSOLUTE
    app\statistics.c                         0x00000000   Number         0  statistics.o ABSOLUTE
    dc.s                                     0x00000000   Number         0  dc.o ABSOLUTE
    RESET                                    0x08000000   Section      428  startup_ctboard.o(RESET)
    .ARM.Collect$$_printf_percent$$00000000  0x080001ac   Section        2  _printf_percent.o(.ARM.Collect$$_printf_percent$$00000000)
    .ARM.Collect$$_printf_percent$$00000009  0x080001ae   Section       10  _printf_d.o(.ARM.Collect$$_printf_percent$$00000009)
    .ARM.Collect$$_printf_percent$$00000017  0x080001b8   Section        4  _printf_percent_end.o(.ARM.Collect$$_printf_percent$$00000017)
    .emb_text                                0x080001bc   Section       56  rt_memcpy.o(.emb_text)
    .text                                    0x080001f4   Section        0  dice_counter.o(.text)
    .text                                    0x08000214   Section        0  main.o(.text)
    .text                                    0x08000280   Section        0  statistics.o(.text)
    .text                                    0x080002bc   Section        0  lcd.o(.text)
    .text                                    0x080003ac   Section      124  datainit_ctboard.o(.text)
    .text                                    0x08000428   Section       36  startup_ctboard.o(.text)
    .text                                    0x0800044c   Section        0  system_ctboard.o(.text)
    init_LCD                                 0x0800044d   Thumb Code    12  system_ctboard.o(.text)
    init_FMC_SRAM                            0x08000459   Thumb Code   266  system_ctboard.o(.text)
    init_FPU                                 0x08000563   Thumb Code     2  system_ctboard.o(.text)
    init_SystemClock                         0x08000565   Thumb Code   170  system_ctboard.o(.text)
    .text                                    0x0800065c   Section        0  hal_ct_seg7.o(.text)
    .text                                    0x08000710   Section        0  hal_fmc.o(.text)
    .text                                    0x08000908   Section        0  hal_gpio.o(.text)
    create_pattern_mask                      0x0800094b   Thumb Code    92  hal_gpio.o(.text)
    intercept_overwrite_register             0x080009a7   Thumb Code    22  hal_gpio.o(.text)
    get_syscfg_mask                          0x08000be3   Thumb Code   106  hal_gpio.o(.text)
    .text                                    0x08000ec4   Section        0  hal_pwr.o(.text)
    .text                                    0x08000fac   Section        0  hal_rcc.o(.text)
    .text                                    0x080013b0   Section        0  __2snprintf.o(.text)
    .text                                    0x080013ec   Section        0  _printf_pad.o(.text)
    .text                                    0x0800143c   Section        0  _printf_dec.o(.text)
    .text                                    0x080014a8   Section        0  __printf_flags_wp.o(.text)
    .text                                    0x080015e0   Section      346  aeabi_sdiv.o(.text)
    .text                                    0x0800173a   Section        0  _printf_intcommon.o(.text)
    .text                                    0x080017ec   Section        0  _printf_char_common.o(.text)
    _printf_input_char                       0x080017ed   Thumb Code    10  _printf_char_common.o(.text)
    .text                                    0x0800181c   Section        0  _sputc.o(.text)
    .text                                    0x08001826   Section        0  _snputc.o(.text)
    .text                                    0x08001836   Section        0  rtudiv10.o(.text)
    i.__ARM_common_switch8                   0x0800185e   Section        0  hal_rcc.o(i.__ARM_common_switch8)
    i._is_digit                              0x0800187a   Section        0  __printf_wp.o(i._is_digit)
    .constdata                               0x08001888   Section       16  hal_ct_seg7.o(.constdata)
    conv_tab                                 0x08001888   Data          16  hal_ct_seg7.o(.constdata)
    .constdata                               0x08001898   Section       17  __printf_flags_wp.o(.constdata)
    maptable                                 0x08001898   Data          17  __printf_flags_wp.o(.constdata)
    .data                                    0x20000000   Section        1  dice_counter.o(.data)
    dice_counter                             0x20000000   Data           1  dice_counter.o(.data)
    .data                                    0x20000001   Section        7  statistics.o(.data)
    nr_of_throws                             0x20000001   Data           7  statistics.o(.data)
    STACK                                    0x20000008   Section     8192  startup_ctboard.o(STACK)
    __initial_sp                             0x20002008   Data           0  startup_ctboard.o(STACK)

    Global Symbols

    Symbol Name                              Value     Ov Type        Size  Object(Section)

    BuildAttributes$$THM_ISAv3M$S$PE$A:L22$X:L11$S22$IEEE1$IW$USESV6$~STKCKD$USESV7$~SHL$OSPACE$ROPI$EBA8$STANDARDLIB$REQ8$PRES8$EABIv2 0x00000000   Number         0  anon$$obj.o ABSOLUTE
    __ARM_use_no_argv                        0x00000000   Number         0  main.o ABSOLUTE
    _printf_flags                            0x00000000   Number         0  printf_stubs.o ABSOLUTE
    _printf_return_value                     0x00000000   Number         0  printf_stubs.o ABSOLUTE
    _printf_sizespec                         0x00000000   Number         0  printf_stubs.o ABSOLUTE
    _printf_widthprec                        0x00000000   Number         0  printf_stubs.o ABSOLUTE
    Image$$RO$$Limit                          - Undefined Weak Reference
    Image$$RW$$Base                           - Undefined Weak Reference
    Image$$ZI$$Base                           - Undefined Weak Reference
    Image$$ZI$$Limit                          - Undefined Weak Reference
    __sigvec_lookup                           - Undefined Weak Reference
    _printf_truncate_signed                   - Undefined Weak Reference
    _printf_truncate_unsigned                 - Undefined Weak Reference
    __Vectors_Size                           0x000001ac   Number         0  startup_ctboard.o ABSOLUTE
    Stack_Size                               0x00002000   Number         0  startup_ctboard.o ABSOLUTE
    __Vectors                                0x08000000   Data           4  startup_ctboard.o(RESET)
    __Vectors_End                            0x080001ac   Data           0  startup_ctboard.o(RESET)
    _printf_percent                          0x080001ad   Thumb Code     0  _printf_percent.o(.ARM.Collect$$_printf_percent$$00000000)
    _printf_d                                0x080001af   Thumb Code     0  _printf_d.o(.ARM.Collect$$_printf_percent$$00000009)
    _printf_percent_end                      0x080001b9   Thumb Code     0  _printf_percent_end.o(.ARM.Collect$$_printf_percent$$00000017)
    __aeabi_memcpy4                          0x080001bd   Thumb Code    56  rt_memcpy.o(.emb_text)
    __aeabi_memcpy8                          0x080001bd   Thumb Code     0  rt_memcpy.o(.emb_text)
    dice_counter_increment                   0x080001f5   Thumb Code    22  dice_counter.o(.text)
    dice_counter_read                        0x0800020b   Thumb Code     6  dice_counter.o(.text)
    main                                     0x08000215   Thumb Code   102  main.o(.text)
    stat_add_throw                           0x08000281   Thumb Code    28  statistics.o(.text)
    stat_read                                0x0800029d   Thumb Code    26  statistics.o(.text)
    lcd_write_value                          0x080002bd   Thumb Code    68  lcd.o(.text)
    lcd_write_total                          0x08000301   Thumb Code    52  lcd.o(.text)
    hal_ct_lcd_clear                         0x08000335   Thumb Code    64  lcd.o(.text)
    __main                                   0x080003ad   Thumb Code    74  datainit_ctboard.o(.text)
    Reset_Handler                            0x08000429   Thumb Code     8  startup_ctboard.o(.text)
    NMI_Handler                              0x08000431   Thumb Code     2  startup_ctboard.o(.text)
    HardFault_Handler                        0x08000433   Thumb Code     2  startup_ctboard.o(.text)
    MemManage_Handler                        0x08000435   Thumb Code     2  startup_ctboard.o(.text)
    BusFault_Handler                         0x08000437   Thumb Code     2  startup_ctboard.o(.text)
    UsageFault_Handler                       0x08000439   Thumb Code     2  startup_ctboard.o(.text)
    SVC_Handler                              0x0800043b   Thumb Code     2  startup_ctboard.o(.text)
    DebugMon_Handler                         0x0800043d   Thumb Code     2  startup_ctboard.o(.text)
    PendSV_Handler                           0x0800043f   Thumb Code     2  startup_ctboard.o(.text)
    SysTick_Handler                          0x08000441   Thumb Code     2  startup_ctboard.o(.text)
    ADC_IRQHandler                           0x08000443   Thumb Code     0  startup_ctboard.o(.text)
    CAN1_RX0_IRQHandler                      0x08000443   Thumb Code     0  startup_ctboard.o(.text)
    CAN1_RX1_IRQHandler                      0x08000443   Thumb Code     0  startup_ctboard.o(.text)
    CAN1_SCE_IRQHandler                      0x08000443   Thumb Code     0  startup_ctboard.o(.text)
    CAN1_TX_IRQHandler                       0x08000443   Thumb Code     0  startup_ctboard.o(.text)
    CAN2_RX0_IRQHandler                      0x08000443   Thumb Code     0  startup_ctboard.o(.text)
    CAN2_RX1_IRQHandler                      0x08000443   Thumb Code     0  startup_ctboard.o(.text)
    CAN2_SCE_IRQHandler                      0x08000443   Thumb Code     0  startup_ctboard.o(.text)
    CAN2_TX_IRQHandler                       0x08000443   Thumb Code     0  startup_ctboard.o(.text)
    CRYP_IRQHandler                          0x08000443   Thumb Code     0  startup_ctboard.o(.text)
    DCMI_IRQHandler                          0x08000443   Thumb Code     0  startup_ctboard.o(.text)
    DMA1_Stream0_IRQHandler                  0x08000443   Thumb Code     0  startup_ctboard.o(.text)
    DMA1_Stream1_IRQHandler                  0x08000443   Thumb Code     0  startup_ctboard.o(.text)
    DMA1_Stream2_IRQHandler                  0x08000443   Thumb Code     0  startup_ctboard.o(.text)
    DMA1_Stream3_IRQHandler                  0x08000443   Thumb Code     0  startup_ctboard.o(.text)
    DMA1_Stream4_IRQHandler                  0x08000443   Thumb Code     0  startup_ctboard.o(.text)
    DMA1_Stream5_IRQHandler                  0x08000443   Thumb Code     0  startup_ctboard.o(.text)
    DMA1_Stream6_IRQHandler                  0x08000443   Thumb Code     0  startup_ctboard.o(.text)
    DMA1_Stream7_IRQHandler                  0x08000443   Thumb Code     0  startup_ctboard.o(.text)
    DMA2D_IRQHandler                         0x08000443   Thumb Code     0  startup_ctboard.o(.text)
    DMA2_Stream0_IRQHandler                  0x08000443   Thumb Code     0  startup_ctboard.o(.text)
    DMA2_Stream1_IRQHandler                  0x08000443   Thumb Code     0  startup_ctboard.o(.text)
    DMA2_Stream2_IRQHandler                  0x08000443   Thumb Code     0  startup_ctboard.o(.text)
    DMA2_Stream3_IRQHandler                  0x08000443   Thumb Code     0  startup_ctboard.o(.text)
    DMA2_Stream4_IRQHandler                  0x08000443   Thumb Code     0  startup_ctboard.o(.text)
    DMA2_Stream5_IRQHandler                  0x08000443   Thumb Code     0  startup_ctboard.o(.text)
    DMA2_Stream6_IRQHandler                  0x08000443   Thumb Code     0  startup_ctboard.o(.text)
    DMA2_Stream7_IRQHandler                  0x08000443   Thumb Code     0  startup_ctboard.o(.text)
    ETH_IRQHandler                           0x08000443   Thumb Code     0  startup_ctboard.o(.text)
    ETH_WKUP_IRQHandler                      0x08000443   Thumb Code     0  startup_ctboard.o(.text)
    EXTI0_IRQHandler                         0x08000443   Thumb Code     0  startup_ctboard.o(.text)
    EXTI15_10_IRQHandler                     0x08000443   Thumb Code     0  startup_ctboard.o(.text)
    EXTI1_IRQHandler                         0x08000443   Thumb Code     0  startup_ctboard.o(.text)
    EXTI2_IRQHandler                         0x08000443   Thumb Code     0  startup_ctboard.o(.text)
    EXTI3_IRQHandler                         0x08000443   Thumb Code     0  startup_ctboard.o(.text)
    EXTI4_IRQHandler                         0x08000443   Thumb Code     0  startup_ctboard.o(.text)
    EXTI9_5_IRQHandler                       0x08000443   Thumb Code     0  startup_ctboard.o(.text)
    FLASH_IRQHandler                         0x08000443   Thumb Code     0  startup_ctboard.o(.text)
    FMC_IRQHandler                           0x08000443   Thumb Code     0  startup_ctboard.o(.text)
    FPU_IRQHandler                           0x08000443   Thumb Code     0  startup_ctboard.o(.text)
    HASH_RNG_IRQHandler                      0x08000443   Thumb Code     0  startup_ctboard.o(.text)
    I2C1_ER_IRQHandler                       0x08000443   Thumb Code     0  startup_ctboard.o(.text)
    I2C1_EV_IRQHandler                       0x08000443   Thumb Code     0  startup_ctboard.o(.text)
    I2C2_ER_IRQHandler                       0x08000443   Thumb Code     0  startup_ctboard.o(.text)
    I2C2_EV_IRQHandler                       0x08000443   Thumb Code     0  startup_ctboard.o(.text)
    I2C3_ER_IRQHandler                       0x08000443   Thumb Code     0  startup_ctboard.o(.text)
    I2C3_EV_IRQHandler                       0x08000443   Thumb Code     0  startup_ctboard.o(.text)
    LTDC_ER_IRQHandler                       0x08000443   Thumb Code     0  startup_ctboard.o(.text)
    LTDC_IRQHandler                          0x08000443   Thumb Code     0  startup_ctboard.o(.text)
    OTG_FS_IRQHandler                        0x08000443   Thumb Code     0  startup_ctboard.o(.text)
    OTG_FS_WKUP_IRQHandler                   0x08000443   Thumb Code     0  startup_ctboard.o(.text)
    OTG_HS_EP1_IN_IRQHandler                 0x08000443   Thumb Code     0  startup_ctboard.o(.text)
    OTG_HS_EP1_OUT_IRQHandler                0x08000443   Thumb Code     0  startup_ctboard.o(.text)
    OTG_HS_IRQHandler                        0x08000443   Thumb Code     0  startup_ctboard.o(.text)
    OTG_HS_WKUP_IRQHandler                   0x08000443   Thumb Code     0  startup_ctboard.o(.text)
    PVD_IRQHandler                           0x08000443   Thumb Code     0  startup_ctboard.o(.text)
    RCC_IRQHandler                           0x08000443   Thumb Code     0  startup_ctboard.o(.text)
    RTC_Alarm_IRQHandler                     0x08000443   Thumb Code     0  startup_ctboard.o(.text)
    RTC_WKUP_IRQHandler                      0x08000443   Thumb Code     0  startup_ctboard.o(.text)
    SAI1_IRQHandler                          0x08000443   Thumb Code     0  startup_ctboard.o(.text)
    SDIO_IRQHandler                          0x08000443   Thumb Code     0  startup_ctboard.o(.text)
    SPI1_IRQHandler                          0x08000443   Thumb Code     0  startup_ctboard.o(.text)
    SPI2_IRQHandler                          0x08000443   Thumb Code     0  startup_ctboard.o(.text)
    SPI3_IRQHandler                          0x08000443   Thumb Code     0  startup_ctboard.o(.text)
    SPI4_IRQHandler                          0x08000443   Thumb Code     0  startup_ctboard.o(.text)
    SPI5_IRQHandler                          0x08000443   Thumb Code     0  startup_ctboard.o(.text)
    SPI6_IRQHandler                          0x08000443   Thumb Code     0  startup_ctboard.o(.text)
    TAMP_STAMP_IRQHandler                    0x08000443   Thumb Code     0  startup_ctboard.o(.text)
    TIM1_BRK_TIM9_IRQHandler                 0x08000443   Thumb Code     0  startup_ctboard.o(.text)
    TIM1_CC_IRQHandler                       0x08000443   Thumb Code     0  startup_ctboard.o(.text)
    TIM1_TRG_COM_TIM11_IRQHandler            0x08000443   Thumb Code     0  startup_ctboard.o(.text)
    TIM1_UP_TIM10_IRQHandler                 0x08000443   Thumb Code     0  startup_ctboard.o(.text)
    TIM2_IRQHandler                          0x08000443   Thumb Code     0  startup_ctboard.o(.text)
    TIM3_IRQHandler                          0x08000443   Thumb Code     0  startup_ctboard.o(.text)
    TIM4_IRQHandler                          0x08000443   Thumb Code     0  startup_ctboard.o(.text)
    TIM5_IRQHandler                          0x08000443   Thumb Code     0  startup_ctboard.o(.text)
    TIM6_DAC_IRQHandler                      0x08000443   Thumb Code     0  startup_ctboard.o(.text)
    TIM7_IRQHandler                          0x08000443   Thumb Code     0  startup_ctboard.o(.text)
    TIM8_BRK_TIM12_IRQHandler                0x08000443   Thumb Code     0  startup_ctboard.o(.text)
    TIM8_CC_IRQHandler                       0x08000443   Thumb Code     0  startup_ctboard.o(.text)
    TIM8_TRG_COM_TIM14_IRQHandler            0x08000443   Thumb Code     0  startup_ctboard.o(.text)
    TIM8_UP_TIM13_IRQHandler                 0x08000443   Thumb Code     0  startup_ctboard.o(.text)
    UART4_IRQHandler                         0x08000443   Thumb Code     0  startup_ctboard.o(.text)
    UART5_IRQHandler                         0x08000443   Thumb Code     0  startup_ctboard.o(.text)
    UART7_IRQHandler                         0x08000443   Thumb Code     0  startup_ctboard.o(.text)
    UART8_IRQHandler                         0x08000443   Thumb Code     0  startup_ctboard.o(.text)
    USART1_IRQHandler                        0x08000443   Thumb Code     0  startup_ctboard.o(.text)
    USART2_IRQHandler                        0x08000443   Thumb Code     0  startup_ctboard.o(.text)
    USART3_IRQHandler                        0x08000443   Thumb Code     0  startup_ctboard.o(.text)
    USART6_IRQHandler                        0x08000443   Thumb Code     0  startup_ctboard.o(.text)
    WWDG_IRQHandler                          0x08000443   Thumb Code     0  startup_ctboard.o(.text)
    system_enter_run                         0x0800060f   Thumb Code    20  system_ctboard.o(.text)
    __system                                 0x08000623   Thumb Code     8  system_ctboard.o(.text)
    system_enter_sleep                       0x0800062b   Thumb Code     2  system_ctboard.o(.text)
    system_enter_stop                        0x0800062d   Thumb Code     2  system_ctboard.o(.text)
    system_enter_standby                     0x0800062f   Thumb Code     2  system_ctboard.o(.text)
    hal_ct_seg7_raw_write                    0x0800065d   Thumb Code    54  hal_ct_seg7.o(.text)
    hal_ct_seg7_bin_write                    0x08000693   Thumb Code     6  hal_ct_seg7.o(.text)
    hal_ct_seg7_clear                        0x08000699   Thumb Code    16  hal_ct_seg7.o(.text)
    hal_ct_seg7_clear_all                    0x080006a9   Thumb Code    10  hal_ct_seg7.o(.text)
    hal_ct_seg7_dot_set                      0x080006b3   Thumb Code    16  hal_ct_seg7.o(.text)
    hal_ct_seg7_dot_clear                    0x080006c3   Thumb Code    16  hal_ct_seg7.o(.text)
    hal_ct_seg7_get_bcd                      0x080006d3   Thumb Code    38  hal_ct_seg7.o(.text)
    hal_ct_seg7_get_seg7                     0x080006f9   Thumb Code    16  hal_ct_seg7.o(.text)
    hal_fmc_reset                            0x08000711   Thumb Code    84  hal_fmc.o(.text)
    hal_fmc_init_sram                        0x08000765   Thumb Code   412  hal_fmc.o(.text)
    hal_gpio_reset                           0x08000909   Thumb Code    66  hal_gpio.o(.text)
    hal_gpio_init_input                      0x080009bd   Thumb Code    90  hal_gpio.o(.text)
    hal_gpio_init_analog                     0x08000a17   Thumb Code    50  hal_gpio.o(.text)
    hal_gpio_init_output                     0x08000a49   Thumb Code   152  hal_gpio.o(.text)
    hal_gpio_init_alternate                  0x08000ae1   Thumb Code   130  hal_gpio.o(.text)
    hal_gpio_input_read                      0x08000b63   Thumb Code     8  hal_gpio.o(.text)
    hal_gpio_output_read                     0x08000b6b   Thumb Code     8  hal_gpio.o(.text)
    hal_gpio_output_write                    0x08000b73   Thumb Code    20  hal_gpio.o(.text)
    hal_gpio_bit_set                         0x08000b87   Thumb Code    24  hal_gpio.o(.text)
    hal_gpio_bit_reset                       0x08000b9f   Thumb Code    26  hal_gpio.o(.text)
    hal_gpio_bit_toggle                      0x08000bb9   Thumb Code    42  hal_gpio.o(.text)
    hal_gpio_irq_set                         0x08000c4d   Thumb Code   576  hal_gpio.o(.text)
    hal_gpio_irq_status                      0x08000e8d   Thumb Code    32  hal_gpio.o(.text)
    hal_gpio_irq_clear                       0x08000ead   Thumb Code    12  hal_gpio.o(.text)
    hal_pwr_reset                            0x08000ec5   Thumb Code    14  hal_pwr.o(.text)
    hal_pwr_set_backup_domain                0x08000ed3   Thumb Code    94  hal_pwr.o(.text)
    hal_pwr_set_backup_access                0x08000f31   Thumb Code    36  hal_pwr.o(.text)
    hal_pwr_set_wakeup_pin                   0x08000f55   Thumb Code    36  hal_pwr.o(.text)
    hal_pwr_set_flash_powerdown              0x08000f79   Thumb Code    36  hal_pwr.o(.text)
    hal_pwr_set_overdrive                    0x08000f9d   Thumb Code     6  hal_pwr.o(.text)
    hal_pwr_set_underdrive                   0x08000fa3   Thumb Code     6  hal_pwr.o(.text)
    hal_rcc_reset                            0x08000fad   Thumb Code   138  hal_rcc.o(.text)
    hal_rcc_set_peripheral                   0x08001037   Thumb Code   256  hal_rcc.o(.text)
    hal_rcc_set_osc                          0x08001137   Thumb Code   148  hal_rcc.o(.text)
    hal_rcc_setup_pll                        0x080011cb   Thumb Code   314  hal_rcc.o(.text)
    hal_rcc_setup_clock                      0x08001305   Thumb Code   172  hal_rcc.o(.text)
    __2snprintf                              0x080013b1   Thumb Code    54  __2snprintf.o(.text)
    _printf_pre_padding                      0x080013ed   Thumb Code    44  _printf_pad.o(.text)
    _printf_post_padding                     0x08001419   Thumb Code    34  _printf_pad.o(.text)
    _printf_int_dec                          0x0800143d   Thumb Code    90  _printf_dec.o(.text)
    __printf                                 0x080014a9   Thumb Code   306  __printf_flags_wp.o(.text)
    __aeabi_uidiv                            0x080015e1   Thumb Code     0  aeabi_sdiv.o(.text)
    __aeabi_uidivmod                         0x080015e1   Thumb Code    20  aeabi_sdiv.o(.text)
    __aeabi_idiv                             0x080015f5   Thumb Code     0  aeabi_sdiv.o(.text)
    __aeabi_idivmod                          0x080015f5   Thumb Code   326  aeabi_sdiv.o(.text)
    _printf_int_common                       0x0800173b   Thumb Code   176  _printf_intcommon.o(.text)
    _printf_char_common                      0x080017f7   Thumb Code    32  _printf_char_common.o(.text)
    _sputc                                   0x0800181d   Thumb Code    10  _sputc.o(.text)
    _snputc                                  0x08001827   Thumb Code    16  _snputc.o(.text)
    __rt_udiv10                              0x08001837   Thumb Code    40  rtudiv10.o(.text)
    __ARM_common_switch8                     0x0800185f   Thumb Code    28  hal_rcc.o(i.__ARM_common_switch8)
    _is_digit                                0x0800187b   Thumb Code    14  __printf_wp.o(i._is_digit)
    Image$$ER_IROM1$$Limit                   0x080018ac   Number         0  anon$$obj.o ABSOLUTE
    Image$$RW_IRAM1$$Base                    0x20000000   Number         0  anon$$obj.o ABSOLUTE
    Image$$RW_IRAM1$$ZI$$Base                0x20000008   Number         0  anon$$obj.o ABSOLUTE
    Stack_Mem                                0x20000008   Data        8192  startup_ctboard.o(STACK)
    Image$$RW_IRAM1$$ZI$$Limit               0x20002008   Number         0  anon$$obj.o ABSOLUTE



==============================================================================

Memory Map of the image

  Image Entry point : 0x08000429

  Load Region LR_IROM1 (Base: 0x08000000, Size: 0x000018b4, Max: 0x00200000, ABSOLUTE)

    Execution Region ER_IROM1 (Exec base: 0x08000000, Load base: 0x08000000, Size: 0x000018ac, Max: 0x00200000, ABSOLUTE)

    Exec Addr    Load Addr    Size         Type   Attr      Idx    E Section Name        Object

    0x08000000   0x08000000   0x000001ac   Data   RO           84    RESET               startup_ctboard.o
    0x080001ac   0x080001ac   0x00000002   Code   RO          221    .ARM.Collect$$_printf_percent$$00000000  c_p.l(_printf_percent.o)
    0x080001ae   0x080001ae   0x0000000a   Code   RO          220    .ARM.Collect$$_printf_percent$$00000009  c_p.l(_printf_d.o)
    0x080001b8   0x080001b8   0x00000004   Code   RO          242    .ARM.Collect$$_printf_percent$$00000017  c_p.l(_printf_percent_end.o)
    0x080001bc   0x080001bc   0x00000038   Code   RO          222    .emb_text           c_p.l(rt_memcpy.o)
    0x080001f4   0x080001f4   0x00000020   Code   RO            1    .text               dice_counter.o
    0x08000214   0x08000214   0x0000006c   Code   RO           23    .text               main.o
    0x08000280   0x08000280   0x0000003c   Code   RO           47    .text               statistics.o
    0x080002bc   0x080002bc   0x000000f0   Code   RO           61    .text               lcd.o
    0x080003ac   0x080003ac   0x0000007c   Code   RO           77    .text               datainit_ctboard.o
    0x08000428   0x08000428   0x00000024   Code   RO           85  * .text               startup_ctboard.o
    0x0800044c   0x0800044c   0x00000210   Code   RO           89    .text               system_ctboard.o
    0x0800065c   0x0800065c   0x000000b4   Code   RO          125    .text               hal_ct_seg7.o
    0x08000710   0x08000710   0x000001f8   Code   RO          138    .text               hal_fmc.o
    0x08000908   0x08000908   0x000005bc   Code   RO          150    .text               hal_gpio.o
    0x08000ec4   0x08000ec4   0x000000e8   Code   RO          162    .text               hal_pwr.o
    0x08000fac   0x08000fac   0x00000404   Code   RO          174    .text               hal_rcc.o
    0x080013b0   0x080013b0   0x0000003c   Code   RO          190    .text               c_p.l(__2snprintf.o)
    0x080013ec   0x080013ec   0x0000004e   Code   RO          196    .text               c_p.l(_printf_pad.o)
    0x0800143a   0x0800143a   0x00000002   PAD
    0x0800143c   0x0800143c   0x0000006c   Code   RO          198    .text               c_p.l(_printf_dec.o)
    0x080014a8   0x080014a8   0x00000138   Code   RO          212    .text               c_p.l(__printf_flags_wp.o)
    0x080015e0   0x080015e0   0x0000015a   Code   RO          226    .text               c_p.l(aeabi_sdiv.o)
    0x0800173a   0x0800173a   0x000000b0   Code   RO          234    .text               c_p.l(_printf_intcommon.o)
    0x080017ea   0x080017ea   0x00000002   PAD
    0x080017ec   0x080017ec   0x00000030   Code   RO          236    .text               c_p.l(_printf_char_common.o)
    0x0800181c   0x0800181c   0x0000000a   Code   RO          238    .text               c_p.l(_sputc.o)
    0x08001826   0x08001826   0x00000010   Code   RO          240    .text               c_p.l(_snputc.o)
    0x08001836   0x08001836   0x00000028   Code   RO          243    .text               c_p.l(rtudiv10.o)
    0x0800185e   0x0800185e   0x0000001c   Code   RO          183    i.__ARM_common_switch8  hal_rcc.o
    0x0800187a   0x0800187a   0x0000000e   Code   RO          210    i._is_digit         c_p.l(__printf_wp.o)
    0x08001888   0x08001888   0x00000010   Data   RO          126    .constdata          hal_ct_seg7.o
    0x08001898   0x08001898   0x00000011   Data   RO          213    .constdata          c_p.l(__printf_flags_wp.o)


    Execution Region RW_IRAM1 (Exec base: 0x20000000, Load base: 0x080018ac, Size: 0x00002008, Max: 0x00030000, ABSOLUTE)

    Exec Addr    Load Addr    Size         Type   Attr      Idx    E Section Name        Object

    0x20000000   0x080018ac   0x00000001   Data   RW            2    .data               dice_counter.o
    0x20000001   0x080018ad   0x00000007   Data   RW           48    .data               statistics.o
    0x20000008        -       0x00002000   Zero   RW           82    STACK               startup_ctboard.o


==============================================================================

Image component sizes


      Code (inc. data)   RO Data    RW Data    ZI Data      Debug   Object Name

       124         50          0          0          0        468   datainit_ctboard.o
        32          4          0          1          0       5351   dice_counter.o
       180          8         16          0          0       2509   hal_ct_seg7.o
       504          8          0          0          0       1142   hal_fmc.o
      1468         60          0          0          0       5702   hal_gpio.o
       232          4          0          0          0       1796   hal_pwr.o
      1056         66          0          0          0       2901   hal_rcc.o
       240         56          0          0          0       1111   lcd.o
       108          6          0          0          0       1439   main.o
        36          8        428          0       8192        836   startup_ctboard.o
        60          6          0          7          0       1223   statistics.o
       528         44          0          0          0      40650   system_ctboard.o

    ----------------------------------------------------------------------
      4568        320        444          8       8192      65128   Object Totals
         0          0          0          0          0          0   (incl. Generated)
         0          0          0          0          0          0   (incl. Padding)

    ----------------------------------------------------------------------

      Code (inc. data)   RO Data    RW Data    ZI Data      Debug   Library Member Name

        60          6          0          0          0         92   __2snprintf.o
       312          6         17          0          0         76   __printf_flags_wp.o
        14          0          0          0          0         60   __printf_wp.o
        48          6          0          0          0         88   _printf_char_common.o
        10          0          0          0          0          0   _printf_d.o
       108         18          0          0          0         76   _printf_dec.o
       176          0          0          0          0         84   _printf_intcommon.o
        78          0          0          0          0        100   _printf_pad.o
         2          0          0          0          0          0   _printf_percent.o
         4          0          0          0          0          0   _printf_percent_end.o
        16          0          0          0          0         60   _snputc.o
        10          0          0          0          0         60   _sputc.o
       346          0          0          0          0         92   aeabi_sdiv.o
        56          0          0          0          0         68   rt_memcpy.o
        40          0          0          0          0         60   rtudiv10.o

    ----------------------------------------------------------------------
      1284         36         20          0          0        916   Library Totals
         4          0          3          0          0          0   (incl. Padding)

    ----------------------------------------------------------------------

      Code (inc. data)   RO Data    RW Data    ZI Data      Debug   Library Name

      1280         36         17          0          0        916   c_p.l

    ----------------------------------------------------------------------
      1284         36         20          0          0        916   Library Totals

    ----------------------------------------------------------------------

==============================================================================


      Code (inc. data)   RO Data    RW Data    ZI Data      Debug   

      5852        356        464          8       8192      64612   Grand Totals
      5852        356        464          8       8192      64612   ELF Image Totals
      5852        356        464          8          0          0   ROM Totals

==============================================================================

    Total RO  Size (Code + RO Data)                 6316 (   6.17kB)
    Total RW  Size (RW Data + ZI Data)              8200 (   8.01kB)
    Total ROM Size (Code + RO Data + RW Data)       6324 (   6.18kB)

==============================================================================

